Archive member included to satisfy reference by file (symbol)

c:/mingw/bin/../lib/gcc/mingw32/4.8.1/../../../libws2_32.a(dwfis00166.o)
                              c:/Workspace/_Sandbox/Git/mqtt_c_client/output/clientSock.c.o (socket@12)
c:/mingw/bin/../lib/gcc/mingw32/4.8.1/../../../libws2_32.a(dwfis00164.o)
                              c:/Workspace/_Sandbox/Git/mqtt_c_client/output/clientSock.c.o (setsockopt@20)
c:/mingw/bin/../lib/gcc/mingw32/4.8.1/../../../libws2_32.a(dwfis00162.o)
                              c:/Workspace/_Sandbox/Git/mqtt_c_client/output/clientSock.c.o (send@16)
c:/mingw/bin/../lib/gcc/mingw32/4.8.1/../../../libws2_32.a(dwfis00159.o)
                              c:/Workspace/_Sandbox/Git/mqtt_c_client/output/clientSock.c.o (recv@16)
c:/mingw/bin/../lib/gcc/mingw32/4.8.1/../../../libws2_32.a(dwfis00155.o)
                              c:/Workspace/_Sandbox/Git/mqtt_c_client/output/clientSock.c.o (ioctlsocket@12)
c:/mingw/bin/../lib/gcc/mingw32/4.8.1/../../../libws2_32.a(dwfis00150.o)
                              c:/Workspace/_Sandbox/Git/mqtt_c_client/output/clientSock.c.o (htons@4)
c:/mingw/bin/../lib/gcc/mingw32/4.8.1/../../../libws2_32.a(dwfis00139.o)
                              c:/Workspace/_Sandbox/Git/mqtt_c_client/output/clientSock.c.o (gethostbyname@4)
c:/mingw/bin/../lib/gcc/mingw32/4.8.1/../../../libws2_32.a(dwfis00135.o)
                              c:/Workspace/_Sandbox/Git/mqtt_c_client/output/clientSock.c.o (connect@12)
c:/mingw/bin/../lib/gcc/mingw32/4.8.1/../../../libws2_32.a(dwfis00084.o)
                              c:/Workspace/_Sandbox/Git/mqtt_c_client/output/clientSock.c.o (WSAStartup@8)
c:/mingw/bin/../lib/gcc/mingw32/4.8.1/../../../libws2_32.a(dwfis00043.o)
                              c:/Workspace/_Sandbox/Git/mqtt_c_client/output/clientSock.c.o (WSAGetLastError@0)
c:/mingw/bin/../lib/gcc/mingw32/4.8.1/../../../libws2_32.a(dwfih.o)
                              c:/mingw/bin/../lib/gcc/mingw32/4.8.1/../../../libws2_32.a(dwfis00166.o) (_head_libws2_32_a)
c:/mingw/bin/../lib/gcc/mingw32/4.8.1/../../../libws2_32.a(dwfit.o)
                              c:/mingw/bin/../lib/gcc/mingw32/4.8.1/../../../libws2_32.a(dwfih.o) (_libws2_32_a_iname)
c:/mingw/bin/../lib/gcc/mingw32/4.8.1/libstdc++.dll.a(d003536.o)
                              c:/Workspace/_Sandbox/Git/mqtt_c_client/output/main.c.o (__gxx_personality_v0)
c:/mingw/bin/../lib/gcc/mingw32/4.8.1/libstdc++.dll.a(d000000.o)
                              c:/mingw/bin/../lib/gcc/mingw32/4.8.1/libstdc++.dll.a(d003536.o) (_head_libstdc___6_dll)
c:/mingw/bin/../lib/gcc/mingw32/4.8.1/libstdc++.dll.a(d003539.o)
                              c:/mingw/bin/../lib/gcc/mingw32/4.8.1/libstdc++.dll.a(d000000.o) (libstdc___6_dll_iname)
c:/mingw/bin/../lib/gcc/mingw32/4.8.1/../../../libmingw32.a(CRTglob.o)
                              c:/mingw/bin/../lib/gcc/mingw32/4.8.1/../../../crt2.o (_CRT_glob)
c:/mingw/bin/../lib/gcc/mingw32/4.8.1/../../../libmingw32.a(setargv.o)
                              c:/mingw/bin/../lib/gcc/mingw32/4.8.1/../../../crt2.o (_setargv)
c:/mingw/bin/../lib/gcc/mingw32/4.8.1/../../../libmingw32.a(CRTfmode.o)
                              c:/mingw/bin/../lib/gcc/mingw32/4.8.1/../../../crt2.o (_CRT_fmode)
c:/mingw/bin/../lib/gcc/mingw32/4.8.1/../../../libmingw32.a(cpu_features.o)
                              c:/mingw/bin/../lib/gcc/mingw32/4.8.1/../../../crt2.o (__cpu_features_init)
c:/mingw/bin/../lib/gcc/mingw32/4.8.1/../../../libmingw32.a(CRT_fp10.o)
                              c:/mingw/bin/../lib/gcc/mingw32/4.8.1/../../../crt2.o (_fpreset)
c:/mingw/bin/../lib/gcc/mingw32/4.8.1/../../../libmingw32.a(txtmode.o)
                              c:/mingw/bin/../lib/gcc/mingw32/4.8.1/../../../crt2.o (_fmode)
c:/mingw/bin/../lib/gcc/mingw32/4.8.1/../../../libmingw32.a(gccmain.o)
                              c:/mingw/bin/../lib/gcc/mingw32/4.8.1/../../../crt2.o (__main)
c:/mingw/bin/../lib/gcc/mingw32/4.8.1/../../../libmingw32.a(tlssup.o)
                              c:/mingw/bin/../lib/gcc/mingw32/4.8.1/../../../crt2.o (__dyn_tls_init_callback)
c:/mingw/bin/../lib/gcc/mingw32/4.8.1/../../../libmingw32.a(tlsthrd.o)
                              c:/mingw/bin/../lib/gcc/mingw32/4.8.1/../../../libmingw32.a(tlssup.o) (__mingw_TLScallback)
c:/mingw/bin/../lib/gcc/mingw32/4.8.1/../../../libmingw32.a(pseudo-reloc.o)
                              c:/mingw/bin/../lib/gcc/mingw32/4.8.1/../../../crt2.o (_pei386_runtime_relocator)
c:/mingw/bin/../lib/gcc/mingw32/4.8.1/../../../libmingw32.a(pseudo-reloc-list.o)
                              c:/mingw/bin/../lib/gcc/mingw32/4.8.1/../../../libmingw32.a(pseudo-reloc.o) (__RUNTIME_PSEUDO_RELOC_LIST__)
c:/mingw/bin/../lib/gcc/mingw32/4.8.1/../../../libmingw32.a(crtst.o)
                              c:/mingw/bin/../lib/gcc/mingw32/4.8.1/../../../libmingw32.a(tlssup.o) (_CRT_MT)
c:/mingw/bin/../lib/gcc/mingw32/4.8.1/libgcc_s.a(d000106.o)
[...]
Memory Configuration

Name             Origin             Length             Attributes
*default*        0x00000000         0xffffffff

Linker script and memory map

                0x00400000                __image_base__ = 0x400000
                0x00000000                __dll__ = 0x0
                0x00400000                ___ImageBase = 0x400000
                0x00001000                __section_alignment__ = 0x1000
                0x00000200                __file_alignment__ = 0x200
                0x00000004                __major_os_version__ = 0x4
                0x00000000                __minor_os_version__ = 0x0
                0x00000001                __major_image_version__ = 0x1
                0x00000000                __minor_image_version__ = 0x0
                0x00000004                __major_subsystem_version__ = 0x4
                0x00000000                __minor_subsystem_version__ = 0x0
                0x00000003                __subsystem__ = 0x3
                0x00200000                __size_of_stack_reserve__ = 0x200000
                0x00001000                __size_of_stack_commit__ = 0x1000
                0x00100000                __size_of_heap_reserve__ = 0x100000
                0x00001000                __size_of_heap_commit__ = 0x1000
                0x00000000                __loader_flags__ = 0x0
                0x00000000                __dll_characteristics__ = 0x0
LOAD c:/mingw/bin/../lib/gcc/mingw32/4.8.1/../../../crt2.o
LOAD c:/mingw/bin/../lib/gcc/mingw32/4.8.1/crtbegin.o
LOAD c:/Workspace/_Sandbox/Git/mqtt_c_client/output/main.c.o
LOAD c:/Workspace/_Sandbox/Git/mqtt_c_client/output/clientSock.c.o
LOAD c:/Workspace/_Sandbox/Git/mqtt_c_client/output/x86.c.o
LOAD c:/Workspace/_Sandbox/Git/mqtt_c_client/output/src/PubSubClient.c.o
LOAD c:/mingw/bin/../lib/gcc/mingw32/4.8.1/../../../libws2_32.a
LOAD c:/mingw/bin/../lib/gcc/mingw32/4.8.1/libstdc++.dll.a
LOAD c:/mingw/bin/../lib/gcc/mingw32/4.8.1/../../../libmingw32.a
LOAD c:/mingw/bin/../lib/gcc/mingw32/4.8.1/libgcc_s.a
LOAD c:/mingw/bin/../lib/gcc/mingw32/4.8.1/libgcc.a
LOAD c:/mingw/bin/../lib/gcc/mingw32/4.8.1/../../../libmoldname.a
LOAD c:/mingw/bin/../lib/gcc/mingw32/4.8.1/../../../libmingwex.a
LOAD c:/mingw/bin/../lib/gcc/mingw32/4.8.1/../../../libmsvcrt.a
LOAD c:/mingw/bin/../lib/gcc/mingw32/4.8.1/../../../libadvapi32.a
LOAD c:/mingw/bin/../lib/gcc/mingw32/4.8.1/../../../libshell32.a
LOAD c:/mingw/bin/../lib/gcc/mingw32/4.8.1/../../../libuser32.a
LOAD c:/mingw/bin/../lib/gcc/mingw32/4.8.1/../../../libkernel32.a
LOAD c:/mingw/bin/../lib/gcc/mingw32/4.8.1/../../../libmingw32.a
LOAD c:/mingw/bin/../lib/gcc/mingw32/4.8.1/libgcc_s.a
LOAD c:/mingw/bin/../lib/gcc/mingw32/4.8.1/libgcc.a
LOAD c:/mingw/bin/../lib/gcc/mingw32/4.8.1/../../../libmoldname.a
LOAD c:/mingw/bin/../lib/gcc/mingw32/4.8.1/../../../libmingwex.a
LOAD c:/mingw/bin/../lib/gcc/mingw32/4.8.1/../../../libmsvcrt.a
LOAD c:/mingw/bin/../lib/gcc/mingw32/4.8.1/crtend.o
                0x000003d0                . = SIZEOF_HEADERS
                0x00001000                . = ALIGN (__section_alignment__)

.text           0x00401000     0x8c00
 *(.init)
 *(.text)
 .text          0x00401000      0x300 c:/mingw/bin/../lib/gcc/mingw32/4.8.1/../../../crt2.o
                0x00401260                _mingw32_init_mainargs
                0x004012a0                mainCRTStartup
                0x004012c0                WinMainCRTStartup
                0x004012e0                atexit
                0x004012f0                _onexit
 .text          0x00401300       0xe0 c:/mingw/bin/../lib/gcc/mingw32/4.8.1/crtbegin.o
                0x00401300                __gcc_register_frame
                0x00401390                __gcc_deregister_frame
 .text          0x004013e0      0x188 c:/Workspace/_Sandbox/Git/mqtt_c_client/output/main.c.o
                0x004013e0                callback(char*, unsigned char*, unsigned int)
                0x00401442                main
 .text          0x00401568      0x620 c:/Workspace/_Sandbox/Git/mqtt_c_client/output/clientSock.c.o
                0x00401602                clientSocket_init()
                0x00401664                clientSocket_destroy()
                0x00401686                clientSocket_connectIP(unsigned char*, unsigned short)
                0x0040169a                clientSocket_connectHost(char const*, unsigned short)
                0x004018d6                clientSocket_connected()
                0x004018e5                clientSocket_write(unsigned char)
                0x00401904                clientSocket_writeMulti(unsigned char const*, unsigned int)
                0x00401a48                clientSocket_available()
                0x00401a8a                clientSocket_read()
                0x00401add                clientSocket_readMulti(unsigned char*, unsigned int)
                0x00401af6                clientSocket_peek()
                0x00401b0f                clientSocket_flush()
                0x00401b23                clientSocket_stop()
 .text          0x00401b88       0xbc c:/Workspace/_Sandbox/Git/mqtt_c_client/output/x86.c.o
                0x00401b88                millis_init()
                0x00401ba4                millis()
                0x00401c05                sleep(unsigned int)
 .text          0x00401c44     0x1058 c:/Workspace/_Sandbox/Git/mqtt_c_client/output/src/PubSubClient.c.o
                0x004020ec                PubSubClient_init(Client_t*)
                0x00402109                PubSubClient_initIP(Client_t*, unsigned char*, unsigned short)
                0x0040213a                PubSubClient_initIPCallback(Client_t*, unsigned char*, unsigned short, void (*)(char*, unsigned char*, unsigned int))
                0x0040217c                PubSubClient_initHost(Client_t*, char const*, unsigned short)
                0x004021ad                PubSubClient_initHostCallback(Client_t*, char const*, unsigned short, void (*)(char*, unsigned char*, unsigned int))
                0x004021ef                PubSubClient_connectId(char const*)
                0x00402232                PubSubClient_connectIdUserPass(char const*, char const*, char const*)
                0x00402273                PubSubClient_connect(char const*, char const*, char const*, char const*, unsigned char, bool, char const*)
                0x0040257e                PubSubClient_loop()
                0x004028d4                PubSubClient_publish(char const*, unsigned char const*, unsigned int)
                0x004028fd                PubSubClient_publishRetained(char const*, unsigned char const*, unsigned int, bool)
                0x004029d4                PubSubClient_subscribe(char const*)
                0x004029ef                PubSubClient_subscribeQOS(char const*, unsigned char)
                0x00402b00                PubSubClient_unsubscribe(char const*)
                0x00402be3                PubSubClient_disconnect()
                0x00402c3a                PubSubClient_connected()
 .text          0x00402c9c        0x8 c:/mingw/bin/../lib/gcc/mingw32/4.8.1/../../../libws2_32.a(dwfis00166.o)
                0x00402c9c                socket@12
 .text          0x00402ca4        0x8 c:/mingw/bin/../lib/gcc/mingw32/4.8.1/../../../libws2_32.a(dwfis00164.o)
                0x00402ca4                setsockopt@20
 .text          0x00402cac        0x8 c:/mingw/bin/../lib/gcc/mingw32/4.8.1/../../../libws2_32.a(dwfis00162.o)
                0x00402cac                send@16
 .text          0x00402cb4        0x8 c:/mingw/bin/../lib/gcc/mingw32/4.8.1/../../../libws2_32.a(dwfis00159.o)
                0x00402cb4                recv@16
 .text          0x00402cbc        0x8 c:/mingw/bin/../lib/gcc/mingw32/4.8.1/../../../libws2_32.a(dwfis00155.o)
                0x00402cbc                ioctlsocket@12
 .text          0x00402cc4        0x8 c:/mingw/bin/../lib/gcc/mingw32/4.8.1/../../../libws2_32.a(dwfis00150.o)
                0x00402cc4                htons@4
 .text          0x00402ccc        0x8 c:/mingw/bin/../lib/gcc/mingw32/4.8.1/../../../libws2_32.a(dwfis00139.o)
                0x00402ccc                gethostbyname@4
 .text          0x00402cd4        0x8 c:/mingw/bin/../lib/gcc/mingw32/4.8.1/../../../libws2_32.a(dwfis00135.o)
                0x00402cd4                connect@12
 .text          0x00402cdc        0x8 c:/mingw/bin/../lib/gcc/mingw32/4.8.1/../../../libws2_32.a(dwfis00084.o)
                0x00402cdc                WSAStartup@8
 .text          0x00402ce4        0x8 c:/mingw/bin/../lib/gcc/mingw32/4.8.1/../../../libws2_32.a(dwfis00043.o)
                0x00402ce4                WSAGetLastError@0
 .text          0x00402cec        0x0 c:/mingw/bin/../lib/gcc/mingw32/4.8.1/../../../libws2_32.a(dwfih.o)
 .text          0x00402cec        0x0 c:/mingw/bin/../lib/gcc/mingw32/4.8.1/../../../libws2_32.a(dwfit.o)
 .text          0x00402cec        0x8 c:/mingw/bin/../lib/gcc/mingw32/4.8.1/libstdc++.dll.a(d003536.o)
                0x00402cec                __gxx_personality_v0
 .text          0x00402cf4        0x0 c:/mingw/bin/../lib/gcc/mingw32/4.8.1/../../../libmingw32.a(CRTglob.o)
 *fill*         0x00402cf4        0xc 
 .text          0x00402d00      0x310 c:/mingw/bin/../lib/gcc/mingw32/4.8.1/../../../libmingw32.a(setargv.o)
                0x00402d00                _setargv
 .text          0x00403010        0x0 c:/mingw/bin/../lib/gcc/mingw32/4.8.1/../../../libmingw32.a(CRTfmode.o)
 .text          0x00403010       0xe0 c:/mingw/bin/../lib/gcc/mingw32/4.8.1/../../../libmingw32.a(cpu_features.o)
                0x00403010                __cpu_features_init
 .text          0x004030f0       0x10 c:/mingw/bin/../lib/gcc/mingw32/4.8.1/../../../libmingw32.a(CRT_fp10.o)
                0x004030f0                fpreset
                0x004030f0                _fpreset
 .text          0x00403100        0x0 c:/mingw/bin/../lib/gcc/mingw32/4.8.1/../../../libmingw32.a(txtmode.o)
 .text          0x00403100       0xa0 c:/mingw/bin/../lib/gcc/mingw32/4.8.1/../../../libmingw32.a(gccmain.o)
                0x00403100                __do_global_dtors
                0x00403130                __do_global_ctors
                0x00403180                __main
 .text          0x004031a0       0xf0 c:/mingw/bin/../lib/gcc/mingw32/4.8.1/../../../libmingw32.a(tlssup.o)
                0x004031f0                __dyn_tls_init@12
                0x00403280                __tlregdtor
 .text          0x00403290      0x240 c:/mingw/bin/../lib/gcc/mingw32/4.8.1/../../../libmingw32.a(tlsthrd.o)
                0x00403300                ___w64_mingwthr_add_key_dtor
                0x00403390                ___w64_mingwthr_remove_key_dtor
                0x00403430                __mingw_TLScallback
 .text          0x004034d0      0x320 c:/mingw/bin/../lib/gcc/mingw32/4.8.1/../../../libmingw32.a(pseudo-reloc.o)
                0x00403610                _pei386_runtime_relocator
 .text          0x004037f0        0x0 c:/mingw/bin/../lib/gcc/mingw32/4.8.1/../../../libmingw32.a(pseudo-reloc-list.o)
 .text          0x004037f0        0x0 c:/mingw/bin/../lib/gcc/mingw32/4.8.1/../../../libmingw32.a(crtst.o)
 .text          0x004037f0        0x8 c:/mingw/bin/../lib/gcc/mingw32/4.8.1/libgcc_s.a(d000106.o)
                0x004037f0                __register_frame_info
 .text          0x004037f8        0x8 c:/mingw/bin/../lib/gcc/mingw32/4.8.1/libgcc_s.a(d000037.o)
                0x004037f8                __deregister_frame_info
 .text          0x00403800        0x8 c:/mingw/bin/../lib/gcc/mingw32/4.8.1/libgcc_s.a(d000015.o)
                0x00403800                _Unwind_Resume
 .text          0x00403808       0x2c c:/mingw/bin/../lib/gcc/mingw32/4.8.1/libgcc.a(_chkstk_ms.o)
                0x00403808                __chkstk_ms
 .text          0x00403834        0x0 c:/mingw/bin/../lib/gcc/mingw32/4.8.1/libgcc.a(_ctors.o)
 .text          0x00403834        0x8 c:/mingw/bin/../lib/gcc/mingw32/4.8.1/../../../libmoldname.a(dhsvbs00006.o)
                0x00403834                close
 .text          0x0040383c        0x0 c:/mingw/bin/../lib/gcc/mingw32/4.8.1/../../../libmoldname.a(dhsvbh.o)
 .text          0x0040383c        0x0 c:/mingw/bin/../lib/gcc/mingw32/4.8.1/../../../libmoldname.a(dhsvbt.o)
 *fill*         0x0040383c        0x4 
 .text          0x00403840       0x30 c:/mingw/bin/../lib/gcc/mingw32/4.8.1/../../../libmingwex.a(snprintf.o)
                0x00403840                snprintf
                0x00403840                __mingw_snprintf
 .text          0x00403870       0x80 c:/mingw/bin/../lib/gcc/mingw32/4.8.1/../../../libmingwex.a(vsnprintf.o)
                0x00403870                __mingw_vsnprintf
                0x00403870                vsnprintf
 .text          0x004038f0      0xce0 c:/mingw/bin/../lib/gcc/mingw32/4.8.1/../../../libmingwex.a(glob.o)
                0x004044f0                __mingw_glob
                0x004045b0                __mingw_globfree
 .text          0x004045d0      0x400 c:/mingw/bin/../lib/gcc/mingw32/4.8.1/../../../libmingwex.a(dirname.o)
                0x004045d0                __mingw_dirname
 .text          0x004049d0       0xa0 c:/mingw/bin/../lib/gcc/mingw32/4.8.1/../../../libmingwex.a(gettimeofday.o)
                0x004049d0                gettimeofday
 .text          0x00404a70      0x4b0 c:/mingw/bin/../lib/gcc/mingw32/4.8.1/../../../libmingwex.a(dirent.o)
                0x00404be0                __mingw_opendir
                0x00404d80                __mingw_readdir
                0x00404dd0                __mingw_closedir
                0x00404e20                __mingw_rewinddir
                0x00404e80                __mingw_telldir
                0x00404eb0                __mingw_seekdir
 .text          0x00404f20     0x1f10 c:/mingw/bin/../lib/gcc/mingw32/4.8.1/../../../libmingwex.a(pformat.o)
                0x004064c0                __mingw_pformat
 .text          0x00406e30        0x0 c:/mingw/bin/../lib/gcc/mingw32/4.8.1/../../../libmingwex.a(varofmt.o)
 .text          0x00406e30      0x420 c:/mingw/bin/../lib/gcc/mingw32/4.8.1/../../../libmingwex.a(mbrtowc.o)
                0x00406fb0                mbrtowc
                0x00407050                mbsrtowcs
                0x004071c0                mbrlen
 .text          0x00407250      0x260 c:/mingw/bin/../lib/gcc/mingw32/4.8.1/../../../libmingwex.a(wcrtomb.o)
                0x004072e0                wcrtomb
                0x00407360                wcsrtombs
 .text          0x004074b0     0x14a0 c:/mingw/bin/../lib/gcc/mingw32/4.8.1/../../../libmingwex.a(gdtoa.o)
                0x004074b0                __gdtoa
 .text          0x00408950      0x160 c:/mingw/bin/../lib/gcc/mingw32/4.8.1/../../../libmingwex.a(gmisc.o)
                0x00408950                __rshift_D2A
                0x00408a70                __trailz_D2A
 .text          0x00408ab0      0x2b0 c:/mingw/bin/../lib/gcc/mingw32/4.8.1/../../../libmingwex.a(dmisc.o)
                0x00408ab0                __rv_alloc_D2A
                0x00408af0                __nrv_alloc_D2A
                0x00408b40                __freedtoa
                0x00408b60                __quorem_D2A
 .text          0x00408d60      0xb50 c:/mingw/bin/../lib/gcc/mingw32/4.8.1/../../../libmingwex.a(misc.o)
                0x00408e80                __Balloc_D2A
                0x00408f50                __Bfree_D2A
                0x00408fc0                __multadd_D2A
                0x004090a0                __i2b_D2A
                0x004090d0                __mult_D2A
                0x00409230                __pow5mult_D2A
                0x004093c0                __lshift_D2A
                0x004094d0                __cmp_D2A
                0x00409520                __diff_D2A
                0x004096a0                __b2d_D2A
                0x00409790                __d2b_D2A
                0x00409880                __strcp_D2A
 .text          0x004098b0        0x8 c:/mingw/bin/../lib/gcc/mingw32/4.8.1/../../../libmsvcrt.a(dupvs00772.o)
                0x004098b0                wcstombs
 .text          0x004098b8        0x8 c:/mingw/bin/../lib/gcc/mingw32/4.8.1/../../../libmsvcrt.a(dupvs00761.o)
                0x004098b8                wcslen
 .text          0x004098c0        0x8 c:/mingw/bin/../lib/gcc/mingw32/4.8.1/../../../libmsvcrt.a(dupvs00750.o)
                0x004098c0                vprintf
 .text          0x004098c8        0x8 c:/mingw/bin/../lib/gcc/mingw32/4.8.1/../../../libmsvcrt.a(dupvs00748.o)
                0x004098c8                vfprintf
 .text          0x004098d0        0x8 c:/mingw/bin/../lib/gcc/mingw32/4.8.1/../../../libmsvcrt.a(dupvs00742.o)
                0x004098d0                tolower
 .text          0x004098d8        0x8 c:/mingw/bin/../lib/gcc/mingw32/4.8.1/../../../libmsvcrt.a(dupvs00721.o)
                0x004098d8                strlen
 .text          0x004098e0        0x8 c:/mingw/bin/../lib/gcc/mingw32/4.8.1/../../../libmsvcrt.a(dupvs00716.o)
                0x004098e0                strcoll
 .text          0x004098e8        0x8 c:/mingw/bin/../lib/gcc/mingw32/4.8.1/../../../libmsvcrt.a(dupvs00714.o)
                0x004098e8                strchr
 .text          0x004098f0        0x8 c:/mingw/bin/../lib/gcc/mingw32/4.8.1/../../../libmsvcrt.a(dupvs00706.o)
                0x004098f0                signal
 .text          0x004098f8        0x8 c:/mingw/bin/../lib/gcc/mingw32/4.8.1/../../../libmsvcrt.a(dupvs00704.o)
                0x004098f8                setlocale
 .text          0x00409900        0x8 c:/mingw/bin/../lib/gcc/mingw32/4.8.1/../../../libmsvcrt.a(dupvs00698.o)
                0x00409900                realloc
 .text          0x00409908        0x8 c:/mingw/bin/../lib/gcc/mingw32/4.8.1/../../../libmsvcrt.a(dupvs00692.o)
                0x00409908                puts
 .text          0x00409910        0x8 c:/mingw/bin/../lib/gcc/mingw32/4.8.1/../../../libmsvcrt.a(dupvs00689.o)
                0x00409910                printf
 .text          0x00409918        0x8 c:/mingw/bin/../lib/gcc/mingw32/4.8.1/../../../libmsvcrt.a(dupvs00687.o)
                0x00409918                perror
 .text          0x00409920        0x8 c:/mingw/bin/../lib/gcc/mingw32/4.8.1/../../../libmsvcrt.a(dupvs00684.o)
                0x00409920                memset
 .text          0x00409928        0x8 c:/mingw/bin/../lib/gcc/mingw32/4.8.1/../../../libmsvcrt.a(dupvs00682.o)
                0x00409928                memcpy
 .text          0x00409930        0x8 c:/mingw/bin/../lib/gcc/mingw32/4.8.1/../../../libmsvcrt.a(dupvs00678.o)
                0x00409930                mbstowcs
 .text          0x00409938        0x8 c:/mingw/bin/../lib/gcc/mingw32/4.8.1/../../../libmsvcrt.a(dupvs00676.o)
                0x00409938                malloc
 .text          0x00409940        0x8 c:/mingw/bin/../lib/gcc/mingw32/4.8.1/../../../libmsvcrt.a(dupvs00671.o)
                0x00409940                localeconv
 .text          0x00409948        0x8 c:/mingw/bin/../lib/gcc/mingw32/4.8.1/../../../libmsvcrt.a(dupvs00652.o)
                0x00409948                isspace
 .text          0x00409950        0x8 c:/mingw/bin/../lib/gcc/mingw32/4.8.1/../../../libmsvcrt.a(dupvs00637.o)
                0x00409950                getenv
 .text          0x00409958        0x8 c:/mingw/bin/../lib/gcc/mingw32/4.8.1/../../../libmsvcrt.a(dupvs00633.o)
                0x00409958                fwrite
 .text          0x00409960        0x8 c:/mingw/bin/../lib/gcc/mingw32/4.8.1/../../../libmsvcrt.a(dupvs00625.o)
                0x00409960                free
 .text          0x00409968        0x8 c:/mingw/bin/../lib/gcc/mingw32/4.8.1/../../../libmsvcrt.a(dupvs00620.o)
                0x00409968                fputc
 .text          0x00409970        0x8 c:/mingw/bin/../lib/gcc/mingw32/4.8.1/../../../libmsvcrt.a(dupvs00595.o)
                0x00409970                calloc
 .text          0x00409978        0x8 c:/mingw/bin/../lib/gcc/mingw32/4.8.1/../../../libmsvcrt.a(dupvs00592.o)
                0x00409978                atoi
 .text          0x00409980        0x0 c:/mingw/bin/../lib/gcc/mingw32/4.8.1/../../../libmsvcrt.a(dupvs00590.o)
 .text          0x00409980        0x8 c:/mingw/bin/../lib/gcc/mingw32/4.8.1/../../../libmsvcrt.a(dupvs00583.o)
                0x00409980                abort
 .text          0x00409988        0x8 c:/mingw/bin/../lib/gcc/mingw32/4.8.1/../../../libmsvcrt.a(dupvs00426.o)
                0x00409988                _setmode
 .text          0x00409990        0x0 c:/mingw/bin/../lib/gcc/mingw32/4.8.1/../../../libmsvcrt.a(dupvs00383.o)
 .text          0x00409990        0x0 c:/mingw/bin/../lib/gcc/mingw32/4.8.1/../../../libmsvcrt.a(dupvs00266.o)
 .text          0x00409990        0x8 c:/mingw/bin/../lib/gcc/mingw32/4.8.1/../../../libmsvcrt.a(dupvs00228.o)
                0x00409990                _fullpath
 .text          0x00409998        0x8 c:/mingw/bin/../lib/gcc/mingw32/4.8.1/../../../libmsvcrt.a(dupvs00182.o)
                0x00409998                _errno
 .text          0x004099a0        0x8 c:/mingw/bin/../lib/gcc/mingw32/4.8.1/../../../libmsvcrt.a(dupvs00147.o)
                0x004099a0                _cexit
 .text          0x004099a8        0x8 c:/mingw/bin/../lib/gcc/mingw32/4.8.1/../../../libmsvcrt.a(dupvs00079.o)
                0x004099a8                __p__fmode
 .text          0x004099b0        0x8 c:/mingw/bin/../lib/gcc/mingw32/4.8.1/../../../libmsvcrt.a(dupvs00077.o)
                0x004099b0                __p__environ
 .text          0x004099b8        0x0 c:/mingw/bin/../lib/gcc/mingw32/4.8.1/../../../libmsvcrt.a(dupvs00065.o)
 .text          0x004099b8        0x8 c:/mingw/bin/../lib/gcc/mingw32/4.8.1/../../../libmsvcrt.a(dupvs00055.o)
                0x004099b8                __getmainargs
 .text          0x004099c0        0x0 c:/mingw/bin/../lib/gcc/mingw32/4.8.1/../../../libmsvcrt.a(dupvh.o)
 .text          0x004099c0        0x0 c:/mingw/bin/../lib/gcc/mingw32/4.8.1/../../../libmsvcrt.a(dupvt.o)
 .text          0x004099c0        0x8 c:/mingw/bin/../lib/gcc/mingw32/4.8.1/../../../libkernel32.a(dchds01247.o)
                0x004099c0                WideCharToMultiByte@32
 .text          0x004099c8        0x8 c:/mingw/bin/../lib/gcc/mingw32/4.8.1/../../../libkernel32.a(dchds01215.o)
                0x004099c8                VirtualQuery@12
 .text          0x004099d0        0x8 c:/mingw/bin/../lib/gcc/mingw32/4.8.1/../../../libkernel32.a(dchds01213.o)
                0x004099d0                VirtualProtect@16
 .text          0x004099d8        0x8 c:/mingw/bin/../lib/gcc/mingw32/4.8.1/../../../libkernel32.a(dchds01173.o)
                0x004099d8                TlsGetValue@4
 .text          0x004099e0        0x8 c:/mingw/bin/../lib/gcc/mingw32/4.8.1/../../../libkernel32.a(dchds01152.o)
                0x004099e0                Sleep@4
 .text          0x004099e8        0x8 c:/mingw/bin/../lib/gcc/mingw32/4.8.1/../../../libkernel32.a(dchds01140.o)
                0x004099e8                SetUnhandledExceptionFilter@4
 .text          0x004099f0        0x8 c:/mingw/bin/../lib/gcc/mingw32/4.8.1/../../../libkernel32.a(dchds00860.o)
                0x004099f0                MultiByteToWideChar@24
 .text          0x004099f8        0x8 c:/mingw/bin/../lib/gcc/mingw32/4.8.1/../../../libkernel32.a(dchds00814.o)
                0x004099f8                LeaveCriticalSection@4
 .text          0x00409a00        0x8 c:/mingw/bin/../lib/gcc/mingw32/4.8.1/../../../libkernel32.a(dchds00763.o)
                0x00409a00                IsDBCSLeadByteEx@8
 .text          0x00409a08        0x8 c:/mingw/bin/../lib/gcc/mingw32/4.8.1/../../../libkernel32.a(dchds00744.o)
                0x00409a08                InterlockedExchange@8
 .text          0x00409a10        0x8 c:/mingw/bin/../lib/gcc/mingw32/4.8.1/../../../libkernel32.a(dchds00734.o)
                0x00409a10                InitializeCriticalSection@4
 .text          0x00409a18        0x8 c:/mingw/bin/../lib/gcc/mingw32/4.8.1/../../../libkernel32.a(dchds00629.o)
                0x00409a18                GetSystemTimeAsFileTime@4
 .text          0x00409a20        0x8 c:/mingw/bin/../lib/gcc/mingw32/4.8.1/../../../libkernel32.a(dchds00577.o)
                0x00409a20                GetProcAddress@8
 .text          0x00409a28        0x8 c:/mingw/bin/../lib/gcc/mingw32/4.8.1/../../../libkernel32.a(dchds00529.o)
                0x00409a28                GetModuleHandleA@4
 .text          0x00409a30        0x8 c:/mingw/bin/../lib/gcc/mingw32/4.8.1/../../../libkernel32.a(dchds00510.o)
                0x00409a30                GetLastError@0
 .text          0x00409a38        0x8 c:/mingw/bin/../lib/gcc/mingw32/4.8.1/../../../libkernel32.a(dchds00388.o)
                0x00409a38                GetCommandLineA@0
 .text          0x00409a40        0x8 c:/mingw/bin/../lib/gcc/mingw32/4.8.1/../../../libkernel32.a(dchds00321.o)
                0x00409a40                FindNextFileA@8
 .text          0x00409a48        0x8 c:/mingw/bin/../lib/gcc/mingw32/4.8.1/../../../libkernel32.a(dchds00304.o)
                0x00409a48                FindFirstFileA@8
 .text          0x00409a50        0x8 c:/mingw/bin/../lib/gcc/mingw32/4.8.1/../../../libkernel32.a(dchds00300.o)
                0x00409a50                FindClose@4
 .text          0x00409a58        0x8 c:/mingw/bin/../lib/gcc/mingw32/4.8.1/../../../libkernel32.a(dchds00279.o)
                0x00409a58                ExitProcess@4
 .text          0x00409a60        0x8 c:/mingw/bin/../lib/gcc/mingw32/4.8.1/../../../libkernel32.a(dchds00236.o)
                0x00409a60                EnterCriticalSection@4
 .text          0x00409a68        0x8 c:/mingw/bin/../lib/gcc/mingw32/4.8.1/../../../libkernel32.a(dchds00207.o)
                0x00409a68                DeleteCriticalSection@4
 .text          0x00409a70        0x0 c:/mingw/bin/../lib/gcc/mingw32/4.8.1/../../../libkernel32.a(dchdh.o)
 .text          0x00409a70        0x0 c:/mingw/bin/../lib/gcc/mingw32/4.8.1/../../../libkernel32.a(dchdt.o)
 .text          0x00409a70        0x8 c:/mingw/bin/../lib/gcc/mingw32/4.8.1/libgcc_s.a(d000120.o)
                0x00409a70                __umoddi3
 .text          0x00409a78        0x8 c:/mingw/bin/../lib/gcc/mingw32/4.8.1/libgcc_s.a(d000118.o)
                0x00409a78                __udivdi3
 .text          0x00409a80        0x8 c:/mingw/bin/../lib/gcc/mingw32/4.8.1/../../../libmoldname.a(dhsvbs00082.o)
                0x00409a80                stricoll
 .text          0x00409a88        0x8 c:/mingw/bin/../lib/gcc/mingw32/4.8.1/../../../libmoldname.a(dhsvbs00080.o)
                0x00409a88                strdup
 .text          0x00409a90        0x0 c:/mingw/bin/../lib/gcc/mingw32/4.8.1/crtend.o
 *(SORT(.text$*))
 *(.text.*)
 .text.startup  0x00409a90       0x20 c:/mingw/bin/../lib/gcc/mingw32/4.8.1/crtend.o
 *(.gnu.linkonce.t.*)
 *(.glue_7t)
 *(.glue_7)
                0x00409ab0                ___CTOR_LIST__ = .
                0x00409ab0                __CTOR_LIST__ = .
                0x00409ab0        0x4 LONG 0xffffffff
 *(.ctors)
 *(.ctor)
 *(SORT(.ctors.*))
 .ctors.65535   0x00409ab4        0x4 c:/mingw/bin/../lib/gcc/mingw32/4.8.1/crtend.o
                0x00409ab8        0x4 LONG 0x0
                0x00409abc                ___DTOR_LIST__ = .
                0x00409abc                __DTOR_LIST__ = .
                0x00409abc        0x4 LONG 0xffffffff
 *(.dtors)
 *(.dtor)
 *(SORT(.dtors.*))
                0x00409ac0        0x4 LONG 0x0
 *(.fini)
 *(.gcc_exc)
                [!provide]                PROVIDE (etext, .)
                [!provide]                PROVIDE (_etext, .)
 *(.gcc_except_table)
 .gcc_except_table
                0x00409ac4       0x14 c:/Workspace/_Sandbox/Git/mqtt_c_client/output/main.c.o
 .gcc_except_table
                0x00409ad8       0x4c c:/Workspace/_Sandbox/Git/mqtt_c_client/output/clientSock.c.o
 .gcc_except_table
                0x00409b24       0x54 c:/Workspace/_Sandbox/Git/mqtt_c_client/output/src/PubSubClient.c.o

.data           0x0040a000      0x200
                0x0040a000                __data_start__ = .
 *(.data)
 .data          0x0040a000        0x0 c:/mingw/bin/../lib/gcc/mingw32/4.8.1/../../../crt2.o
 .data          0x0040a000        0x0 c:/mingw/bin/../lib/gcc/mingw32/4.8.1/crtbegin.o
 .data          0x0040a000        0x0 c:/Workspace/_Sandbox/Git/mqtt_c_client/output/main.c.o
 .data          0x0040a000        0x0 c:/Workspace/_Sandbox/Git/mqtt_c_client/output/clientSock.c.o
 .data          0x0040a000        0x0 c:/Workspace/_Sandbox/Git/mqtt_c_client/output/x86.c.o
 .data          0x0040a000        0x0 c:/Workspace/_Sandbox/Git/mqtt_c_client/output/src/PubSubClient.c.o
 .data          0x0040a000        0x0 c:/mingw/bin/../lib/gcc/mingw32/4.8.1/../../../libws2_32.a(dwfis00166.o)
 .data          0x0040a000        0x0 c:/mingw/bin/../lib/gcc/mingw32/4.8.1/../../../libws2_32.a(dwfis00164.o)
 .data          0x0040a000        0x0 c:/mingw/bin/../lib/gcc/mingw32/4.8.1/../../../libws2_32.a(dwfis00162.o)
 .data          0x0040a000        0x0 c:/mingw/bin/../lib/gcc/mingw32/4.8.1/../../../libws2_32.a(dwfis00159.o)
 .data          0x0040a000        0x0 c:/mingw/bin/../lib/gcc/mingw32/4.8.1/../../../libws2_32.a(dwfis00155.o)
 .data          0x0040a000        0x0 c:/mingw/bin/../lib/gcc/mingw32/4.8.1/../../../libws2_32.a(dwfis00150.o)
 .data          0x0040a000        0x0 c:/mingw/bin/../lib/gcc/mingw32/4.8.1/../../../libws2_32.a(dwfis00139.o)
 .data          0x0040a000        0x0 c:/mingw/bin/../lib/gcc/mingw32/4.8.1/../../../libws2_32.a(dwfis00135.o)
 .data          0x0040a000        0x0 c:/mingw/bin/../lib/gcc/mingw32/4.8.1/../../../libws2_32.a(dwfis00084.o)
 .data          0x0040a000        0x0 c:/mingw/bin/../lib/gcc/mingw32/4.8.1/../../../libws2_32.a(dwfis00043.o)
 .data          0x0040a000        0x0 c:/mingw/bin/../lib/gcc/mingw32/4.8.1/../../../libws2_32.a(dwfih.o)
 .data          0x0040a000        0x0 c:/mingw/bin/../lib/gcc/mingw32/4.8.1/../../../libws2_32.a(dwfit.o)
 .data          0x0040a000        0x4 c:/mingw/bin/../lib/gcc/mingw32/4.8.1/../../../libmingw32.a(CRTglob.o)
                0x0040a000                _CRT_glob
 .data          0x0040a004        0x0 c:/mingw/bin/../lib/gcc/mingw32/4.8.1/../../../libmingw32.a(setargv.o)
 .data          0x0040a004        0x0 c:/mingw/bin/../lib/gcc/mingw32/4.8.1/../../../libmingw32.a(CRTfmode.o)
 .data          0x0040a004        0x0 c:/mingw/bin/../lib/gcc/mingw32/4.8.1/../../../libmingw32.a(cpu_features.o)
 .data          0x0040a004        0x0 c:/mingw/bin/../lib/gcc/mingw32/4.8.1/../../../libmingw32.a(CRT_fp10.o)
 .data          0x0040a004        0x4 c:/mingw/bin/../lib/gcc/mingw32/4.8.1/../../../libmingw32.a(txtmode.o)
                0x0040a004                _fmode
 .data          0x0040a008        0x4 c:/mingw/bin/../lib/gcc/mingw32/4.8.1/../../../libmingw32.a(gccmain.o)
 .data          0x0040a00c        0x0 c:/mingw/bin/../lib/gcc/mingw32/4.8.1/../../../libmingw32.a(tlssup.o)
 .data          0x0040a00c        0x0 c:/mingw/bin/../lib/gcc/mingw32/4.8.1/../../../libmingw32.a(tlsthrd.o)
 .data          0x0040a00c        0x0 c:/mingw/bin/../lib/gcc/mingw32/4.8.1/../../../libmingw32.a(pseudo-reloc.o)
 .data          0x0040a00c        0x0 c:/mingw/bin/../lib/gcc/mingw32/4.8.1/../../../libmingw32.a(pseudo-reloc-list.o)
 .data          0x0040a00c        0x0 c:/mingw/bin/../lib/gcc/mingw32/4.8.1/../../../libmingw32.a(crtst.o)
 .data          0x0040a00c        0x0 c:/mingw/bin/../lib/gcc/mingw32/4.8.1/libgcc.a(_chkstk_ms.o)
 .data          0x0040a00c        0x0 c:/mingw/bin/../lib/gcc/mingw32/4.8.1/libgcc.a(_ctors.o)
 .data          0x0040a00c        0x0 c:/mingw/bin/../lib/gcc/mingw32/4.8.1/../../../libmoldname.a(dhsvbs00006.o)
 .data          0x0040a00c        0x0 c:/mingw/bin/../lib/gcc/mingw32/4.8.1/../../../libmoldname.a(dhsvbh.o)
 .data          0x0040a00c        0x0 c:/mingw/bin/../lib/gcc/mingw32/4.8.1/../../../libmoldname.a(dhsvbt.o)
 .data          0x0040a00c        0x0 c:/mingw/bin/../lib/gcc/mingw32/4.8.1/../../../libmingwex.a(snprintf.o)
 .data          0x0040a00c        0x0 c:/mingw/bin/../lib/gcc/mingw32/4.8.1/../../../libmingwex.a(vsnprintf.o)
 .data          0x0040a00c        0x0 c:/mingw/bin/../lib/gcc/mingw32/4.8.1/../../../libmingwex.a(glob.o)
 .data          0x0040a00c        0x0 c:/mingw/bin/../lib/gcc/mingw32/4.8.1/../../../libmingwex.a(dirname.o)
 .data          0x0040a00c        0x0 c:/mingw/bin/../lib/gcc/mingw32/4.8.1/../../../libmingwex.a(gettimeofday.o)
 .data          0x0040a00c        0x0 c:/mingw/bin/../lib/gcc/mingw32/4.8.1/../../../libmingwex.a(dirent.o)
 .data          0x0040a00c       0x14 c:/mingw/bin/../lib/gcc/mingw32/4.8.1/../../../libmingwex.a(pformat.o)
 .data          0x0040a020        0x0 c:/mingw/bin/../lib/gcc/mingw32/4.8.1/../../../libmingwex.a(varofmt.o)
 .data          0x0040a020        0x0 c:/mingw/bin/../lib/gcc/mingw32/4.8.1/../../../libmingwex.a(mbrtowc.o)
 .data          0x0040a020        0x0 c:/mingw/bin/../lib/gcc/mingw32/4.8.1/../../../libmingwex.a(wcrtomb.o)
 .data          0x0040a020        0x0 c:/mingw/bin/../lib/gcc/mingw32/4.8.1/../../../libmingwex.a(gdtoa.o)
 .data          0x0040a020        0x0 c:/mingw/bin/../lib/gcc/mingw32/4.8.1/../../../libmingwex.a(gmisc.o)
 .data          0x0040a020        0x0 c:/mingw/bin/../lib/gcc/mingw32/4.8.1/../../../libmingwex.a(dmisc.o)
 .data          0x0040a020        0x4 c:/mingw/bin/../lib/gcc/mingw32/4.8.1/../../../libmingwex.a(misc.o)
 .data          0x0040a024        0x0 c:/mingw/bin/../lib/gcc/mingw32/4.8.1/../../../libmsvcrt.a(dupvs00772.o)
 .data          0x0040a024        0x0 c:/mingw/bin/../lib/gcc/mingw32/4.8.1/../../../libmsvcrt.a(dupvs00761.o)
 .data          0x0040a024        0x0 c:/mingw/bin/../lib/gcc/mingw32/4.8.1/../../../libmsvcrt.a(dupvs00750.o)
 .data          0x0040a024        0x0 c:/mingw/bin/../lib/gcc/mingw32/4.8.1/../../../libmsvcrt.a(dupvs00748.o)
 .data          0x0040a024        0x0 c:/mingw/bin/../lib/gcc/mingw32/4.8.1/../../../libmsvcrt.a(dupvs00742.o)
 .data          0x0040a024        0x0 c:/mingw/bin/../lib/gcc/mingw32/4.8.1/../../../libmsvcrt.a(dupvs00721.o)
 .data          0x0040a024        0x0 c:/mingw/bin/../lib/gcc/mingw32/4.8.1/../../../libmsvcrt.a(dupvs00716.o)
 .data          0x0040a024        0x0 c:/mingw/bin/../lib/gcc/mingw32/4.8.1/../../../libmsvcrt.a(dupvs00714.o)
 .data          0x0040a024        0x0 c:/mingw/bin/../lib/gcc/mingw32/4.8.1/../../../libmsvcrt.a(dupvs00706.o)
 .data          0x0040a024        0x0 c:/mingw/bin/../lib/gcc/mingw32/4.8.1/../../../libmsvcrt.a(dupvs00704.o)
 .data          0x0040a024        0x0 c:/mingw/bin/../lib/gcc/mingw32/4.8.1/../../../libmsvcrt.a(dupvs00698.o)
 .data          0x0040a024        0x0 c:/mingw/bin/../lib/gcc/mingw32/4.8.1/../../../libmsvcrt.a(dupvs00692.o)
 .data          0x0040a024        0x0 c:/mingw/bin/../lib/gcc/mingw32/4.8.1/../../../libmsvcrt.a(dupvs00689.o)
 .data          0x0040a024        0x0 c:/mingw/bin/../lib/gcc/mingw32/4.8.1/../../../libmsvcrt.a(dupvs00687.o)
 .data          0x0040a024        0x0 c:/mingw/bin/../lib/gcc/mingw32/4.8.1/../../../libmsvcrt.a(dupvs00684.o)
 .data          0x0040a024        0x0 c:/mingw/bin/../lib/gcc/mingw32/4.8.1/../../../libmsvcrt.a(dupvs00682.o)
 .data          0x0040a024        0x0 c:/mingw/bin/../lib/gcc/mingw32/4.8.1/../../../libmsvcrt.a(dupvs00678.o)
 .data          0x0040a024        0x0 c:/mingw/bin/../lib/gcc/mingw32/4.8.1/../../../libmsvcrt.a(dupvs00676.o)
 .data          0x0040a024        0x0 c:/mingw/bin/../lib/gcc/mingw32/4.8.1/../../../libmsvcrt.a(dupvs00671.o)
 .data          0x0040a024        0x0 c:/mingw/bin/../lib/gcc/mingw32/4.8.1/../../../libmsvcrt.a(dupvs00652.o)
 .data          0x0040a024        0x0 c:/mingw/bin/../lib/gcc/mingw32/4.8.1/../../../libmsvcrt.a(dupvs00637.o)
 .data          0x0040a024        0x0 c:/mingw/bin/../lib/gcc/mingw32/4.8.1/../../../libmsvcrt.a(dupvs00633.o)
 .data          0x0040a024        0x0 c:/mingw/bin/../lib/gcc/mingw32/4.8.1/../../../libmsvcrt.a(dupvs00625.o)
 .data          0x0040a024        0x0 c:/mingw/bin/../lib/gcc/mingw32/4.8.1/../../../libmsvcrt.a(dupvs00620.o)
 .data          0x0040a024        0x0 c:/mingw/bin/../lib/gcc/mingw32/4.8.1/../../../libmsvcrt.a(dupvs00595.o)
 .data          0x0040a024        0x0 c:/mingw/bin/../lib/gcc/mingw32/4.8.1/../../../libmsvcrt.a(dupvs00592.o)
 .data          0x0040a024        0x0 c:/mingw/bin/../lib/gcc/mingw32/4.8.1/../../../libmsvcrt.a(dupvs00590.o)
 .data          0x0040a024        0x0 c:/mingw/bin/../lib/gcc/mingw32/4.8.1/../../../libmsvcrt.a(dupvs00583.o)
 .data          0x0040a024        0x0 c:/mingw/bin/../lib/gcc/mingw32/4.8.1/../../../libmsvcrt.a(dupvs00426.o)
 .data          0x0040a024        0x0 c:/mingw/bin/../lib/gcc/mingw32/4.8.1/../../../libmsvcrt.a(dupvs00383.o)
 .data          0x0040a024        0x0 c:/mingw/bin/../lib/gcc/mingw32/4.8.1/../../../libmsvcrt.a(dupvs00266.o)
 .data          0x0040a024        0x0 c:/mingw/bin/../lib/gcc/mingw32/4.8.1/../../../libmsvcrt.a(dupvs00228.o)
 .data          0x0040a024        0x0 c:/mingw/bin/../lib/gcc/mingw32/4.8.1/../../../libmsvcrt.a(dupvs00182.o)
 .data          0x0040a024        0x0 c:/mingw/bin/../lib/gcc/mingw32/4.8.1/../../../libmsvcrt.a(dupvs00147.o)
 .data          0x0040a024        0x0 c:/mingw/bin/../lib/gcc/mingw32/4.8.1/../../../libmsvcrt.a(dupvs00099.o)
 .data          0x0040a024        0x0 c:/mingw/bin/../lib/gcc/mingw32/4.8.1/../../../libmsvcrt.a(dupvs00079.o)
 .data          0x0040a024        0x0 c:/mingw/bin/../lib/gcc/mingw32/4.8.1/../../../libmsvcrt.a(dupvs00077.o)
 .data          0x0040a024        0x0 c:/mingw/bin/../lib/gcc/mingw32/4.8.1/../../../libmsvcrt.a(dupvs00065.o)
 .data          0x0040a024        0x0 c:/mingw/bin/../lib/gcc/mingw32/4.8.1/../../../libmsvcrt.a(dupvs00055.o)
 .data          0x0040a024        0x0 c:/mingw/bin/../lib/gcc/mingw32/4.8.1/../../../libmsvcrt.a(dupvh.o)
 .data          0x0040a024        0x0 c:/mingw/bin/../lib/gcc/mingw32/4.8.1/../../../libmsvcrt.a(dupvt.o)
 .data          0x0040a024        0x0 c:/mingw/bin/../lib/gcc/mingw32/4.8.1/../../../libkernel32.a(dchds01247.o)
 .data          0x0040a024        0x0 c:/mingw/bin/../lib/gcc/mingw32/4.8.1/../../../libkernel32.a(dchds01215.o)
 .data          0x0040a024        0x0 c:/mingw/bin/../lib/gcc/mingw32/4.8.1/../../../libkernel32.a(dchds01213.o)
 .data          0x0040a024        0x0 c:/mingw/bin/../lib/gcc/mingw32/4.8.1/../../../libkernel32.a(dchds01173.o)
 .data          0x0040a024        0x0 c:/mingw/bin/../lib/gcc/mingw32/4.8.1/../../../libkernel32.a(dchds01152.o)
 .data          0x0040a024        0x0 c:/mingw/bin/../lib/gcc/mingw32/4.8.1/../../../libkernel32.a(dchds01140.o)
 .data          0x0040a024        0x0 c:/mingw/bin/../lib/gcc/mingw32/4.8.1/../../../libkernel32.a(dchds00860.o)
 .data          0x0040a024        0x0 c:/mingw/bin/../lib/gcc/mingw32/4.8.1/../../../libkernel32.a(dchds00814.o)
 .data          0x0040a024        0x0 c:/mingw/bin/../lib/gcc/mingw32/4.8.1/../../../libkernel32.a(dchds00763.o)
 .data          0x0040a024        0x0 c:/mingw/bin/../lib/gcc/mingw32/4.8.1/../../../libkernel32.a(dchds00744.o)
 .data          0x0040a024        0x0 c:/mingw/bin/../lib/gcc/mingw32/4.8.1/../../../libkernel32.a(dchds00734.o)
 .data          0x0040a024        0x0 c:/mingw/bin/../lib/gcc/mingw32/4.8.1/../../../libkernel32.a(dchds00629.o)
 .data          0x0040a024        0x0 c:/mingw/bin/../lib/gcc/mingw32/4.8.1/../../../libkernel32.a(dchds00577.o)
 .data          0x0040a024        0x0 c:/mingw/bin/../lib/gcc/mingw32/4.8.1/../../../libkernel32.a(dchds00529.o)
 .data          0x0040a024        0x0 c:/mingw/bin/../lib/gcc/mingw32/4.8.1/../../../libkernel32.a(dchds00510.o)
 .data          0x0040a024        0x0 c:/mingw/bin/../lib/gcc/mingw32/4.8.1/../../../libkernel32.a(dchds00388.o)
 .data          0x0040a024        0x0 c:/mingw/bin/../lib/gcc/mingw32/4.8.1/../../../libkernel32.a(dchds00321.o)
 .data          0x0040a024        0x0 c:/mingw/bin/../lib/gcc/mingw32/4.8.1/../../../libkernel32.a(dchds00304.o)
 .data          0x0040a024        0x0 c:/mingw/bin/../lib/gcc/mingw32/4.8.1/../../../libkernel32.a(dchds00300.o)
 .data          0x0040a024        0x0 c:/mingw/bin/../lib/gcc/mingw32/4.8.1/../../../libkernel32.a(dchds00279.o)
 .data          0x0040a024        0x0 c:/mingw/bin/../lib/gcc/mingw32/4.8.1/../../../libkernel32.a(dchds00236.o)
 .data          0x0040a024        0x0 c:/mingw/bin/../lib/gcc/mingw32/4.8.1/../../../libkernel32.a(dchds00207.o)
 .data          0x0040a024        0x0 c:/mingw/bin/../lib/gcc/mingw32/4.8.1/../../../libkernel32.a(dchdh.o)
 .data          0x0040a024        0x0 c:/mingw/bin/../lib/gcc/mingw32/4.8.1/../../../libkernel32.a(dchdt.o)
 .data          0x0040a024        0x0 c:/mingw/bin/../lib/gcc/mingw32/4.8.1/../../../libmoldname.a(dhsvbs00082.o)
 .data          0x0040a024        0x0 c:/mingw/bin/../lib/gcc/mingw32/4.8.1/../../../libmoldname.a(dhsvbs00080.o)
 .data          0x0040a024        0x0 c:/mingw/bin/../lib/gcc/mingw32/4.8.1/crtend.o
 *(.data2)
 *(SORT(.data$*))
 *(.jcr)
 .jcr           0x0040a024        0x0 c:/mingw/bin/../lib/gcc/mingw32/4.8.1/crtbegin.o
 .jcr           0x0040a024        0x4 c:/mingw/bin/../lib/gcc/mingw32/4.8.1/crtend.o
                0x0040a028                __data_end__ = .
 *(.data_cygwin_nocopy)

.rdata          0x0040b000      0xc00
 *(.rdata)
 .rdata         0x0040b000       0x64 c:/mingw/bin/../lib/gcc/mingw32/4.8.1/crtbegin.o
 .rdata         0x0040b064       0x8c c:/Workspace/_Sandbox/Git/mqtt_c_client/output/main.c.o
 *fill*         0x0040b0f0       0x10 
 .rdata         0x0040b100      0x280 c:/Workspace/_Sandbox/Git/mqtt_c_client/output/clientSock.c.o
                0x0040b100                clientSock
 .rdata         0x0040b380        0x4 c:/mingw/bin/../lib/gcc/mingw32/4.8.1/../../../libmingw32.a(tlssup.o)
                0x0040b380                __dyn_tls_init_callback
 .rdata         0x0040b384       0xac c:/mingw/bin/../lib/gcc/mingw32/4.8.1/../../../libmingw32.a(pseudo-reloc.o)
 .rdata         0x0040b430       0x14 c:/mingw/bin/../lib/gcc/mingw32/4.8.1/../../../libmingwex.a(glob.o)
 .rdata         0x0040b444        0x8 c:/mingw/bin/../lib/gcc/mingw32/4.8.1/../../../libmingwex.a(dirname.o)
 .rdata         0x0040b44c        0x4 c:/mingw/bin/../lib/gcc/mingw32/4.8.1/../../../libmingwex.a(dirent.o)
 .rdata         0x0040b450      0x1a0 c:/mingw/bin/../lib/gcc/mingw32/4.8.1/../../../libmingwex.a(pformat.o)
 .rdata         0x0040b5f0       0x68 c:/mingw/bin/../lib/gcc/mingw32/4.8.1/../../../libmingwex.a(gdtoa.o)
 *fill*         0x0040b658        0x8 
 .rdata         0x0040b660      0x160 c:/mingw/bin/../lib/gcc/mingw32/4.8.1/../../../libmingwex.a(misc.o)
                0x0040b680                __tens_D2A
                0x0040b740                __tinytens_D2A
                0x0040b780                __bigtens_D2A
 *(SORT(.rdata$*))
 .rdata$zzz     0x0040b7c0       0x14 c:/mingw/bin/../lib/gcc/mingw32/4.8.1/../../../crt2.o
 .rdata$zzz     0x0040b7d4       0x14 c:/mingw/bin/../lib/gcc/mingw32/4.8.1/crtbegin.o
 .rdata$zzz     0x0040b7e8       0x14 c:/Workspace/_Sandbox/Git/mqtt_c_client/output/main.c.o
 .rdata$zzz     0x0040b7fc       0x14 c:/Workspace/_Sandbox/Git/mqtt_c_client/output/clientSock.c.o
 .rdata$zzz     0x0040b810       0x14 c:/Workspace/_Sandbox/Git/mqtt_c_client/output/x86.c.o
 .rdata$zzz     0x0040b824       0x14 c:/Workspace/_Sandbox/Git/mqtt_c_client/output/src/PubSubClient.c.o
 .rdata$zzz     0x0040b838       0x14 c:/mingw/bin/../lib/gcc/mingw32/4.8.1/../../../libmingw32.a(CRTglob.o)
 .rdata$zzz     0x0040b84c       0x14 c:/mingw/bin/../lib/gcc/mingw32/4.8.1/../../../libmingw32.a(setargv.o)
 .rdata$zzz     0x0040b860       0x14 c:/mingw/bin/../lib/gcc/mingw32/4.8.1/../../../libmingw32.a(CRTfmode.o)
 .rdata$zzz     0x0040b874       0x14 c:/mingw/bin/../lib/gcc/mingw32/4.8.1/../../../libmingw32.a(cpu_features.o)
 .rdata$zzz     0x0040b888       0x14 c:/mingw/bin/../lib/gcc/mingw32/4.8.1/../../../libmingw32.a(CRT_fp10.o)
 .rdata$zzz     0x0040b89c       0x14 c:/mingw/bin/../lib/gcc/mingw32/4.8.1/../../../libmingw32.a(txtmode.o)
 .rdata$zzz     0x0040b8b0       0x14 c:/mingw/bin/../lib/gcc/mingw32/4.8.1/../../../libmingw32.a(gccmain.o)
 .rdata$zzz     0x0040b8c4       0x14 c:/mingw/bin/../lib/gcc/mingw32/4.8.1/../../../libmingw32.a(tlssup.o)
 .rdata$zzz     0x0040b8d8       0x14 c:/mingw/bin/../lib/gcc/mingw32/4.8.1/../../../libmingw32.a(tlsthrd.o)
 .rdata$zzz     0x0040b8ec       0x14 c:/mingw/bin/../lib/gcc/mingw32/4.8.1/../../../libmingw32.a(pseudo-reloc.o)
 .rdata$zzz     0x0040b900       0x14 c:/mingw/bin/../lib/gcc/mingw32/4.8.1/../../../libmingw32.a(pseudo-reloc-list.o)
 .rdata$zzz     0x0040b914       0x14 c:/mingw/bin/../lib/gcc/mingw32/4.8.1/../../../libmingw32.a(crtst.o)
 .rdata$zzz     0x0040b928       0x14 c:/mingw/bin/../lib/gcc/mingw32/4.8.1/libgcc.a(_ctors.o)
 .rdata$zzz     0x0040b93c       0x14 c:/mingw/bin/../lib/gcc/mingw32/4.8.1/../../../libmingwex.a(snprintf.o)
 .rdata$zzz     0x0040b950       0x14 c:/mingw/bin/../lib/gcc/mingw32/4.8.1/../../../libmingwex.a(vsnprintf.o)
 .rdata$zzz     0x0040b964       0x14 c:/mingw/bin/../lib/gcc/mingw32/4.8.1/../../../libmingwex.a(glob.o)
 .rdata$zzz     0x0040b978       0x14 c:/mingw/bin/../lib/gcc/mingw32/4.8.1/../../../libmingwex.a(dirname.o)
 .rdata$zzz     0x0040b98c       0x14 c:/mingw/bin/../lib/gcc/mingw32/4.8.1/../../../libmingwex.a(gettimeofday.o)
 .rdata$zzz     0x0040b9a0       0x14 c:/mingw/bin/../lib/gcc/mingw32/4.8.1/../../../libmingwex.a(dirent.o)
 .rdata$zzz     0x0040b9b4       0x14 c:/mingw/bin/../lib/gcc/mingw32/4.8.1/../../../libmingwex.a(pformat.o)
 .rdata$zzz     0x0040b9c8       0x14 c:/mingw/bin/../lib/gcc/mingw32/4.8.1/../../../libmingwex.a(varofmt.o)
 .rdata$zzz     0x0040b9dc       0x14 c:/mingw/bin/../lib/gcc/mingw32/4.8.1/../../../libmingwex.a(mbrtowc.o)
 .rdata$zzz     0x0040b9f0       0x14 c:/mingw/bin/../lib/gcc/mingw32/4.8.1/../../../libmingwex.a(wcrtomb.o)
 .rdata$zzz     0x0040ba04       0x14 c:/mingw/bin/../lib/gcc/mingw32/4.8.1/../../../libmingwex.a(gdtoa.o)
 .rdata$zzz     0x0040ba18       0x14 c:/mingw/bin/../lib/gcc/mingw32/4.8.1/../../../libmingwex.a(gmisc.o)
 .rdata$zzz     0x0040ba2c       0x14 c:/mingw/bin/../lib/gcc/mingw32/4.8.1/../../../libmingwex.a(dmisc.o)
 .rdata$zzz     0x0040ba40       0x14 c:/mingw/bin/../lib/gcc/mingw32/4.8.1/../../../libmingwex.a(misc.o)
 .rdata$zzz     0x0040ba54       0x14 c:/mingw/bin/../lib/gcc/mingw32/4.8.1/crtend.o
                0x0040ba68                __rt_psrelocs_start = .
 *(.rdata_runtime_pseudo_reloc)
                0x0040ba68                __rt_psrelocs_end = .
                0x00000000                __rt_psrelocs_size = (__rt_psrelocs_end - __rt_psrelocs_start)
                0x0040ba68                ___RUNTIME_PSEUDO_RELOC_LIST_END__ = .
                0x0040ba68                __RUNTIME_PSEUDO_RELOC_LIST_END__ = .
                0x0040ba68                ___RUNTIME_PSEUDO_RELOC_LIST__ = (. - __rt_psrelocs_size)
                0x0040ba68                __RUNTIME_PSEUDO_RELOC_LIST__ = (. - __rt_psrelocs_size)

.eh_frame       0x0040c000     0x1c00
 *(.eh_frame*)
 .eh_frame      0x0040c000       0xc0 c:/mingw/bin/../lib/gcc/mingw32/4.8.1/../../../crt2.o
 .eh_frame      0x0040c0c0       0x58 c:/mingw/bin/../lib/gcc/mingw32/4.8.1/crtbegin.o
 .eh_frame      0x0040c118       0x78 c:/Workspace/_Sandbox/Git/mqtt_c_client/output/main.c.o
 .eh_frame      0x0040c190      0x244 c:/Workspace/_Sandbox/Git/mqtt_c_client/output/clientSock.c.o
 .eh_frame      0x0040c3d4       0x7c c:/Workspace/_Sandbox/Git/mqtt_c_client/output/x86.c.o
 .eh_frame      0x0040c450      0x37c c:/Workspace/_Sandbox/Git/mqtt_c_client/output/src/PubSubClient.c.o
 .eh_frame      0x0040c7cc       0x58 c:/mingw/bin/../lib/gcc/mingw32/4.8.1/../../../libmingw32.a(setargv.o)
 .eh_frame      0x0040c824       0x38 c:/mingw/bin/../lib/gcc/mingw32/4.8.1/../../../libmingw32.a(cpu_features.o)
 .eh_frame      0x0040c85c       0x2c c:/mingw/bin/../lib/gcc/mingw32/4.8.1/../../../libmingw32.a(CRT_fp10.o)
 .eh_frame      0x0040c888       0x68 c:/mingw/bin/../lib/gcc/mingw32/4.8.1/../../../libmingw32.a(gccmain.o)
 .eh_frame      0x0040c8f0       0x88 c:/mingw/bin/../lib/gcc/mingw32/4.8.1/../../../libmingw32.a(tlssup.o)
 .eh_frame      0x0040c978       0xd4 c:/mingw/bin/../lib/gcc/mingw32/4.8.1/../../../libmingw32.a(tlsthrd.o)
 .eh_frame      0x0040ca4c       0xb0 c:/mingw/bin/../lib/gcc/mingw32/4.8.1/../../../libmingw32.a(pseudo-reloc.o)
 .eh_frame      0x0040cafc       0x30 c:/mingw/bin/../lib/gcc/mingw32/4.8.1/../../../libmingwex.a(snprintf.o)
 .eh_frame      0x0040cb2c       0x50 c:/mingw/bin/../lib/gcc/mingw32/4.8.1/../../../libmingwex.a(vsnprintf.o)
 .eh_frame      0x0040cb7c      0x2a4 c:/mingw/bin/../lib/gcc/mingw32/4.8.1/../../../libmingwex.a(glob.o)
 .eh_frame      0x0040ce20       0x58 c:/mingw/bin/../lib/gcc/mingw32/4.8.1/../../../libmingwex.a(dirname.o)
 .eh_frame      0x0040ce78       0x44 c:/mingw/bin/../lib/gcc/mingw32/4.8.1/../../../libmingwex.a(gettimeofday.o)
 .eh_frame      0x0040cebc      0x198 c:/mingw/bin/../lib/gcc/mingw32/4.8.1/../../../libmingwex.a(dirent.o)
 .eh_frame      0x0040d054      0x330 c:/mingw/bin/../lib/gcc/mingw32/4.8.1/../../../libmingwex.a(pformat.o)
 .eh_frame      0x0040d384      0x128 c:/mingw/bin/../lib/gcc/mingw32/4.8.1/../../../libmingwex.a(mbrtowc.o)
 .eh_frame      0x0040d4ac       0xfc c:/mingw/bin/../lib/gcc/mingw32/4.8.1/../../../libmingwex.a(wcrtomb.o)
 .eh_frame      0x0040d5a8       0xa0 c:/mingw/bin/../lib/gcc/mingw32/4.8.1/../../../libmingwex.a(gdtoa.o)
 .eh_frame      0x0040d648       0x98 c:/mingw/bin/../lib/gcc/mingw32/4.8.1/../../../libmingwex.a(gmisc.o)
 .eh_frame      0x0040d6e0       0xb8 c:/mingw/bin/../lib/gcc/mingw32/4.8.1/../../../libmingwex.a(dmisc.o)
 .eh_frame      0x0040d798      0x340 c:/mingw/bin/../lib/gcc/mingw32/4.8.1/../../../libmingwex.a(misc.o)
 .eh_frame      0x0040dad8       0x3c c:/mingw/bin/../lib/gcc/mingw32/4.8.1/crtend.o

.pdata
 *(.pdata)

.bss            0x0040e000      0xb10
                0x0040e000                __bss_start__ = .
 *(.bss)
 .bss           0x0040e000        0x8 c:/mingw/bin/../lib/gcc/mingw32/4.8.1/../../../crt2.o
                0x0040e000                _argv
                0x0040e004                _argc
 .bss           0x0040e008       0x18 c:/mingw/bin/../lib/gcc/mingw32/4.8.1/crtbegin.o
 .bss           0x0040e020        0x0 c:/Workspace/_Sandbox/Git/mqtt_c_client/output/main.c.o
 .bss           0x0040e020        0x4 c:/Workspace/_Sandbox/Git/mqtt_c_client/output/clientSock.c.o
 .bss           0x0040e024        0x8 c:/Workspace/_Sandbox/Git/mqtt_c_client/output/x86.c.o
 *fill*         0x0040e02c       0x14 
 .bss           0x0040e040       0xc0 c:/Workspace/_Sandbox/Git/mqtt_c_client/output/src/PubSubClient.c.o
 .bss           0x0040e100        0x0 c:/mingw/bin/../lib/gcc/mingw32/4.8.1/../../../libws2_32.a(dwfis00166.o)
 .bss           0x0040e100        0x0 c:/mingw/bin/../lib/gcc/mingw32/4.8.1/../../../libws2_32.a(dwfis00164.o)
 .bss           0x0040e100        0x0 c:/mingw/bin/../lib/gcc/mingw32/4.8.1/../../../libws2_32.a(dwfis00162.o)
 .bss           0x0040e100        0x0 c:/mingw/bin/../lib/gcc/mingw32/4.8.1/../../../libws2_32.a(dwfis00159.o)
 .bss           0x0040e100        0x0 c:/mingw/bin/../lib/gcc/mingw32/4.8.1/../../../libws2_32.a(dwfis00155.o)
 .bss           0x0040e100        0x0 c:/mingw/bin/../lib/gcc/mingw32/4.8.1/../../../libws2_32.a(dwfis00150.o)
 .bss           0x0040e100        0x0 c:/mingw/bin/../lib/gcc/mingw32/4.8.1/../../../libws2_32.a(dwfis00139.o)
 .bss           0x0040e100        0x0 c:/mingw/bin/../lib/gcc/mingw32/4.8.1/../../../libws2_32.a(dwfis00135.o)
 .bss           0x0040e100        0x0 c:/mingw/bin/../lib/gcc/mingw32/4.8.1/../../../libws2_32.a(dwfis00084.o)
 .bss           0x0040e100        0x0 c:/mingw/bin/../lib/gcc/mingw32/4.8.1/../../../libws2_32.a(dwfis00043.o)
 .bss           0x0040e100        0x0 c:/mingw/bin/../lib/gcc/mingw32/4.8.1/../../../libws2_32.a(dwfih.o)
 .bss           0x0040e100        0x0 c:/mingw/bin/../lib/gcc/mingw32/4.8.1/../../../libws2_32.a(dwfit.o)
 .bss           0x0040e100        0x0 c:/mingw/bin/../lib/gcc/mingw32/4.8.1/../../../libmingw32.a(CRTglob.o)
 .bss           0x0040e100        0x0 c:/mingw/bin/../lib/gcc/mingw32/4.8.1/../../../libmingw32.a(setargv.o)
 .bss           0x0040e100        0x4 c:/mingw/bin/../lib/gcc/mingw32/4.8.1/../../../libmingw32.a(CRTfmode.o)
                0x0040e100                _CRT_fmode
 .bss           0x0040e104        0x4 c:/mingw/bin/../lib/gcc/mingw32/4.8.1/../../../libmingw32.a(cpu_features.o)
                0x0040e104                __cpu_features
 .bss           0x0040e108        0x0 c:/mingw/bin/../lib/gcc/mingw32/4.8.1/../../../libmingw32.a(CRT_fp10.o)
 .bss           0x0040e108        0x0 c:/mingw/bin/../lib/gcc/mingw32/4.8.1/../../../libmingw32.a(txtmode.o)
 .bss           0x0040e108        0x4 c:/mingw/bin/../lib/gcc/mingw32/4.8.1/../../../libmingw32.a(gccmain.o)
 .bss           0x0040e10c       0x10 c:/mingw/bin/../lib/gcc/mingw32/4.8.1/../../../libmingw32.a(tlssup.o)
                0x0040e10c                mingw_initltssuo_force
                0x0040e110                mingw_initltsdyn_force
                0x0040e114                mingw_initltsdrot_force
                0x0040e118                _tls_index
 .bss           0x0040e11c       0x20 c:/mingw/bin/../lib/gcc/mingw32/4.8.1/../../../libmingw32.a(tlsthrd.o)
 .bss           0x0040e13c        0x4 c:/mingw/bin/../lib/gcc/mingw32/4.8.1/../../../libmingw32.a(pseudo-reloc.o)
 .bss           0x0040e140        0x4 c:/mingw/bin/../lib/gcc/mingw32/4.8.1/../../../libmingw32.a(pseudo-reloc-list.o)
 .bss           0x0040e144        0x4 c:/mingw/bin/../lib/gcc/mingw32/4.8.1/../../../libmingw32.a(crtst.o)
                0x0040e144                _CRT_MT
 .bss           0x0040e148        0x0 c:/mingw/bin/../lib/gcc/mingw32/4.8.1/libgcc.a(_chkstk_ms.o)
 .bss           0x0040e148        0x0 c:/mingw/bin/../lib/gcc/mingw32/4.8.1/libgcc.a(_ctors.o)
 .bss           0x0040e148        0x0 c:/mingw/bin/../lib/gcc/mingw32/4.8.1/../../../libmoldname.a(dhsvbs00006.o)
 .bss           0x0040e148        0x0 c:/mingw/bin/../lib/gcc/mingw32/4.8.1/../../../libmoldname.a(dhsvbh.o)
 .bss           0x0040e148        0x0 c:/mingw/bin/../lib/gcc/mingw32/4.8.1/../../../libmoldname.a(dhsvbt.o)
 .bss           0x0040e148        0x0 c:/mingw/bin/../lib/gcc/mingw32/4.8.1/../../../libmingwex.a(snprintf.o)
 .bss           0x0040e148        0x0 c:/mingw/bin/../lib/gcc/mingw32/4.8.1/../../../libmingwex.a(vsnprintf.o)
 .bss           0x0040e148        0x0 c:/mingw/bin/../lib/gcc/mingw32/4.8.1/../../../libmingwex.a(glob.o)
 .bss           0x0040e148        0x4 c:/mingw/bin/../lib/gcc/mingw32/4.8.1/../../../libmingwex.a(dirname.o)
 .bss           0x0040e14c        0x0 c:/mingw/bin/../lib/gcc/mingw32/4.8.1/../../../libmingwex.a(gettimeofday.o)
 .bss           0x0040e14c        0x0 c:/mingw/bin/../lib/gcc/mingw32/4.8.1/../../../libmingwex.a(dirent.o)
 .bss           0x0040e14c        0x0 c:/mingw/bin/../lib/gcc/mingw32/4.8.1/../../../libmingwex.a(pformat.o)
 .bss           0x0040e14c        0x4 c:/mingw/bin/../lib/gcc/mingw32/4.8.1/../../../libmingwex.a(varofmt.o)
                0x0040e14c                __mingw_output_format_flag
 .bss           0x0040e150        0xc c:/mingw/bin/../lib/gcc/mingw32/4.8.1/../../../libmingwex.a(mbrtowc.o)
 .bss           0x0040e15c        0x0 c:/mingw/bin/../lib/gcc/mingw32/4.8.1/../../../libmingwex.a(wcrtomb.o)
 .bss           0x0040e15c        0x0 c:/mingw/bin/../lib/gcc/mingw32/4.8.1/../../../libmingwex.a(gdtoa.o)
 .bss           0x0040e15c        0x0 c:/mingw/bin/../lib/gcc/mingw32/4.8.1/../../../libmingwex.a(gmisc.o)
 .bss           0x0040e15c        0x0 c:/mingw/bin/../lib/gcc/mingw32/4.8.1/../../../libmingwex.a(dmisc.o)
 *fill*         0x0040e15c        0x4 
 .bss           0x0040e160      0x9a0 c:/mingw/bin/../lib/gcc/mingw32/4.8.1/../../../libmingwex.a(misc.o)
 .bss           0x0040eb00        0x0 c:/mingw/bin/../lib/gcc/mingw32/4.8.1/../../../libmsvcrt.a(dupvs00772.o)
 .bss           0x0040eb00        0x0 c:/mingw/bin/../lib/gcc/mingw32/4.8.1/../../../libmsvcrt.a(dupvs00761.o)
 .bss           0x0040eb00        0x0 c:/mingw/bin/../lib/gcc/mingw32/4.8.1/../../../libmsvcrt.a(dupvs00750.o)
 .bss           0x0040eb00        0x0 c:/mingw/bin/../lib/gcc/mingw32/4.8.1/../../../libmsvcrt.a(dupvs00748.o)
 .bss           0x0040eb00        0x0 c:/mingw/bin/../lib/gcc/mingw32/4.8.1/../../../libmsvcrt.a(dupvs00742.o)
 .bss           0x0040eb00        0x0 c:/mingw/bin/../lib/gcc/mingw32/4.8.1/../../../libmsvcrt.a(dupvs00721.o)
 .bss           0x0040eb00        0x0 c:/mingw/bin/../lib/gcc/mingw32/4.8.1/../../../libmsvcrt.a(dupvs00716.o)
 .bss           0x0040eb00        0x0 c:/mingw/bin/../lib/gcc/mingw32/4.8.1/../../../libmsvcrt.a(dupvs00714.o)
 .bss           0x0040eb00        0x0 c:/mingw/bin/../lib/gcc/mingw32/4.8.1/../../../libmsvcrt.a(dupvs00706.o)
 .bss           0x0040eb00        0x0 c:/mingw/bin/../lib/gcc/mingw32/4.8.1/../../../libmsvcrt.a(dupvs00704.o)
 .bss           0x0040eb00        0x0 c:/mingw/bin/../lib/gcc/mingw32/4.8.1/../../../libmsvcrt.a(dupvs00698.o)
 .bss           0x0040eb00        0x0 c:/mingw/bin/../lib/gcc/mingw32/4.8.1/../../../libmsvcrt.a(dupvs00692.o)
 .bss           0x0040eb00        0x0 c:/mingw/bin/../lib/gcc/mingw32/4.8.1/../../../libmsvcrt.a(dupvs00689.o)
 .bss           0x0040eb00        0x0 c:/mingw/bin/../lib/gcc/mingw32/4.8.1/../../../libmsvcrt.a(dupvs00687.o)
 .bss           0x0040eb00        0x0 c:/mingw/bin/../lib/gcc/mingw32/4.8.1/../../../libmsvcrt.a(dupvs00684.o)
 .bss           0x0040eb00        0x0 c:/mingw/bin/../lib/gcc/mingw32/4.8.1/../../../libmsvcrt.a(dupvs00682.o)
 .bss           0x0040eb00        0x0 c:/mingw/bin/../lib/gcc/mingw32/4.8.1/../../../libmsvcrt.a(dupvs00678.o)
 .bss           0x0040eb00        0x0 c:/mingw/bin/../lib/gcc/mingw32/4.8.1/../../../libmsvcrt.a(dupvs00676.o)
 .bss           0x0040eb00        0x0 c:/mingw/bin/../lib/gcc/mingw32/4.8.1/../../../libmsvcrt.a(dupvs00671.o)
 .bss           0x0040eb00        0x0 c:/mingw/bin/../lib/gcc/mingw32/4.8.1/../../../libmsvcrt.a(dupvs00652.o)
 .bss           0x0040eb00        0x0 c:/mingw/bin/../lib/gcc/mingw32/4.8.1/../../../libmsvcrt.a(dupvs00637.o)
 .bss           0x0040eb00        0x0 c:/mingw/bin/../lib/gcc/mingw32/4.8.1/../../../libmsvcrt.a(dupvs00633.o)
 .bss           0x0040eb00        0x0 c:/mingw/bin/../lib/gcc/mingw32/4.8.1/../../../libmsvcrt.a(dupvs00625.o)
 .bss           0x0040eb00        0x0 c:/mingw/bin/../lib/gcc/mingw32/4.8.1/../../../libmsvcrt.a(dupvs00620.o)
 .bss           0x0040eb00        0x0 c:/mingw/bin/../lib/gcc/mingw32/4.8.1/../../../libmsvcrt.a(dupvs00595.o)
 .bss           0x0040eb00        0x0 c:/mingw/bin/../lib/gcc/mingw32/4.8.1/../../../libmsvcrt.a(dupvs00592.o)
 .bss           0x0040eb00        0x0 c:/mingw/bin/../lib/gcc/mingw32/4.8.1/../../../libmsvcrt.a(dupvs00590.o)
 .bss           0x0040eb00        0x0 c:/mingw/bin/../lib/gcc/mingw32/4.8.1/../../../libmsvcrt.a(dupvs00583.o)
 .bss           0x0040eb00        0x0 c:/mingw/bin/../lib/gcc/mingw32/4.8.1/../../../libmsvcrt.a(dupvs00426.o)
 .bss           0x0040eb00        0x0 c:/mingw/bin/../lib/gcc/mingw32/4.8.1/../../../libmsvcrt.a(dupvs00383.o)
 .bss           0x0040eb00        0x0 c:/mingw/bin/../lib/gcc/mingw32/4.8.1/../../../libmsvcrt.a(dupvs00266.o)
 .bss           0x0040eb00        0x0 c:/mingw/bin/../lib/gcc/mingw32/4.8.1/../../../libmsvcrt.a(dupvs00228.o)
 .bss           0x0040eb00        0x0 c:/mingw/bin/../lib/gcc/mingw32/4.8.1/../../../libmsvcrt.a(dupvs00182.o)
 .bss           0x0040eb00        0x0 c:/mingw/bin/../lib/gcc/mingw32/4.8.1/../../../libmsvcrt.a(dupvs00147.o)
 .bss           0x0040eb00        0x0 c:/mingw/bin/../lib/gcc/mingw32/4.8.1/../../../libmsvcrt.a(dupvs00099.o)
 .bss           0x0040eb00        0x0 c:/mingw/bin/../lib/gcc/mingw32/4.8.1/../../../libmsvcrt.a(dupvs00079.o)
 .bss           0x0040eb00        0x0 c:/mingw/bin/../lib/gcc/mingw32/4.8.1/../../../libmsvcrt.a(dupvs00077.o)
 .bss           0x0040eb00        0x0 c:/mingw/bin/../lib/gcc/mingw32/4.8.1/../../../libmsvcrt.a(dupvs00065.o)
 .bss           0x0040eb00        0x0 c:/mingw/bin/../lib/gcc/mingw32/4.8.1/../../../libmsvcrt.a(dupvs00055.o)
 .bss           0x0040eb00        0x0 c:/mingw/bin/../lib/gcc/mingw32/4.8.1/../../../libmsvcrt.a(dupvh.o)
 .bss           0x0040eb00        0x0 c:/mingw/bin/../lib/gcc/mingw32/4.8.1/../../../libmsvcrt.a(dupvt.o)
 .bss           0x0040eb00        0x0 c:/mingw/bin/../lib/gcc/mingw32/4.8.1/../../../libkernel32.a(dchds01247.o)
 .bss           0x0040eb00        0x0 c:/mingw/bin/../lib/gcc/mingw32/4.8.1/../../../libkernel32.a(dchds01215.o)
 .bss           0x0040eb00        0x0 c:/mingw/bin/../lib/gcc/mingw32/4.8.1/../../../libkernel32.a(dchds01213.o)
 .bss           0x0040eb00        0x0 c:/mingw/bin/../lib/gcc/mingw32/4.8.1/../../../libkernel32.a(dchds01173.o)
 .bss           0x0040eb00        0x0 c:/mingw/bin/../lib/gcc/mingw32/4.8.1/../../../libkernel32.a(dchds01152.o)
 .bss           0x0040eb00        0x0 c:/mingw/bin/../lib/gcc/mingw32/4.8.1/../../../libkernel32.a(dchds01140.o)
 .bss           0x0040eb00        0x0 c:/mingw/bin/../lib/gcc/mingw32/4.8.1/../../../libkernel32.a(dchds00860.o)
 .bss           0x0040eb00        0x0 c:/mingw/bin/../lib/gcc/mingw32/4.8.1/../../../libkernel32.a(dchds00814.o)
 .bss           0x0040eb00        0x0 c:/mingw/bin/../lib/gcc/mingw32/4.8.1/../../../libkernel32.a(dchds00763.o)
 .bss           0x0040eb00        0x0 c:/mingw/bin/../lib/gcc/mingw32/4.8.1/../../../libkernel32.a(dchds00744.o)
 .bss           0x0040eb00        0x0 c:/mingw/bin/../lib/gcc/mingw32/4.8.1/../../../libkernel32.a(dchds00734.o)
 .bss           0x0040eb00        0x0 c:/mingw/bin/../lib/gcc/mingw32/4.8.1/../../../libkernel32.a(dchds00629.o)
 .bss           0x0040eb00        0x0 c:/mingw/bin/../lib/gcc/mingw32/4.8.1/../../../libkernel32.a(dchds00577.o)
 .bss           0x0040eb00        0x0 c:/mingw/bin/../lib/gcc/mingw32/4.8.1/../../../libkernel32.a(dchds00529.o)
 .bss           0x0040eb00        0x0 c:/mingw/bin/../lib/gcc/mingw32/4.8.1/../../../libkernel32.a(dchds00510.o)
 .bss           0x0040eb00        0x0 c:/mingw/bin/../lib/gcc/mingw32/4.8.1/../../../libkernel32.a(dchds00388.o)
 .bss           0x0040eb00        0x0 c:/mingw/bin/../lib/gcc/mingw32/4.8.1/../../../libkernel32.a(dchds00321.o)
 .bss           0x0040eb00        0x0 c:/mingw/bin/../lib/gcc/mingw32/4.8.1/../../../libkernel32.a(dchds00304.o)
 .bss           0x0040eb00        0x0 c:/mingw/bin/../lib/gcc/mingw32/4.8.1/../../../libkernel32.a(dchds00300.o)
 .bss           0x0040eb00        0x0 c:/mingw/bin/../lib/gcc/mingw32/4.8.1/../../../libkernel32.a(dchds00279.o)
 .bss           0x0040eb00        0x0 c:/mingw/bin/../lib/gcc/mingw32/4.8.1/../../../libkernel32.a(dchds00236.o)
 .bss           0x0040eb00        0x0 c:/mingw/bin/../lib/gcc/mingw32/4.8.1/../../../libkernel32.a(dchds00207.o)
 .bss           0x0040eb00        0x0 c:/mingw/bin/../lib/gcc/mingw32/4.8.1/../../../libkernel32.a(dchdh.o)
 .bss           0x0040eb00        0x0 c:/mingw/bin/../lib/gcc/mingw32/4.8.1/../../../libkernel32.a(dchdt.o)
 .bss           0x0040eb00        0x0 c:/mingw/bin/../lib/gcc/mingw32/4.8.1/../../../libmoldname.a(dhsvbs00082.o)
 .bss           0x0040eb00        0x0 c:/mingw/bin/../lib/gcc/mingw32/4.8.1/../../../libmoldname.a(dhsvbs00080.o)
 .bss           0x0040eb00        0x0 c:/mingw/bin/../lib/gcc/mingw32/4.8.1/crtend.o
 *(COMMON)
 COMMON         0x0040eb00       0x10 c:/mingw/bin/../lib/gcc/mingw32/4.8.1/libgcc.a(_ctors.o)
                0x0040eb10                __bss_end__ = .

.edata
 *(.edata)

/DISCARD/
 *(.debug$S)
 *(.debug$T)
 *(.debug$F)
 *(.drectve)
 *(.note.GNU-stack)
 *(.gnu.lto_*)

.idata          0x0040f000      0xa00
 SORT(*)(.idata$2)
 .idata$2       0x0040f000       0x14 c:/mingw/bin/../lib/gcc/mingw32/4.8.1/../../../libkernel32.a(dchdh.o)
                0x0040f000                _head_libkernel32_a
 .idata$2       0x0040f014       0x14 c:/mingw/bin/../lib/gcc/mingw32/4.8.1/../../../libmoldname.a(dhsvbh.o)
                0x0040f014                _head_libmoldname_a
 .idata$2       0x0040f028       0x14 c:/mingw/bin/../lib/gcc/mingw32/4.8.1/../../../libmsvcrt.a(dupvh.o)
                0x0040f028                _head_libmsvcrt_a
 .idata$2       0x0040f03c       0x14 c:/mingw/bin/../lib/gcc/mingw32/4.8.1/../../../libws2_32.a(dwfih.o)
                0x0040f03c                _head_libws2_32_a
 .idata$2       0x0040f050       0x14 c:/mingw/bin/../lib/gcc/mingw32/4.8.1/libgcc_s.a(d000000.o)
                0x0040f050                _head_libgcc_s_dw2_1_dll
 .idata$2       0x0040f064       0x14 c:/mingw/bin/../lib/gcc/mingw32/4.8.1/libstdc++.dll.a(d000000.o)
                0x0040f064                _head_libstdc___6_dll
 SORT(*)(.idata$3)
                0x0040f078        0x4 LONG 0x0
                0x0040f07c        0x4 LONG 0x0
                0x0040f080        0x4 LONG 0x0
                0x0040f084        0x4 LONG 0x0
                0x0040f088        0x4 LONG 0x0
 SORT(*)(.idata$4)
 .idata$4       0x0040f08c        0x0 c:/mingw/bin/../lib/gcc/mingw32/4.8.1/../../../libkernel32.a(dchdh.o)
 .idata$4       0x0040f08c        0x4 c:/mingw/bin/../lib/gcc/mingw32/4.8.1/../../../libkernel32.a(dchds00207.o)
 .idata$4       0x0040f090        0x4 c:/mingw/bin/../lib/gcc/mingw32/4.8.1/../../../libkernel32.a(dchds00236.o)
 .idata$4       0x0040f094        0x4 c:/mingw/bin/../lib/gcc/mingw32/4.8.1/../../../libkernel32.a(dchds00279.o)
 .idata$4       0x0040f098        0x4 c:/mingw/bin/../lib/gcc/mingw32/4.8.1/../../../libkernel32.a(dchds00300.o)
 .idata$4       0x0040f09c        0x4 c:/mingw/bin/../lib/gcc/mingw32/4.8.1/../../../libkernel32.a(dchds00304.o)
 .idata$4       0x0040f0a0        0x4 c:/mingw/bin/../lib/gcc/mingw32/4.8.1/../../../libkernel32.a(dchds00321.o)
 .idata$4       0x0040f0a4        0x4 c:/mingw/bin/../lib/gcc/mingw32/4.8.1/../../../libkernel32.a(dchds00388.o)
 .idata$4       0x0040f0a8        0x4 c:/mingw/bin/../lib/gcc/mingw32/4.8.1/../../../libkernel32.a(dchds00510.o)
 .idata$4       0x0040f0ac        0x4 c:/mingw/bin/../lib/gcc/mingw32/4.8.1/../../../libkernel32.a(dchds00529.o)
 .idata$4       0x0040f0b0        0x4 c:/mingw/bin/../lib/gcc/mingw32/4.8.1/../../../libkernel32.a(dchds00577.o)
 .idata$4       0x0040f0b4        0x4 c:/mingw/bin/../lib/gcc/mingw32/4.8.1/../../../libkernel32.a(dchds00629.o)
 .idata$4       0x0040f0b8        0x4 c:/mingw/bin/../lib/gcc/mingw32/4.8.1/../../../libkernel32.a(dchds00734.o)
 .idata$4       0x0040f0bc        0x4 c:/mingw/bin/../lib/gcc/mingw32/4.8.1/../../../libkernel32.a(dchds00744.o)
 .idata$4       0x0040f0c0        0x4 c:/mingw/bin/../lib/gcc/mingw32/4.8.1/../../../libkernel32.a(dchds00763.o)
 .idata$4       0x0040f0c4        0x4 c:/mingw/bin/../lib/gcc/mingw32/4.8.1/../../../libkernel32.a(dchds00814.o)
 .idata$4       0x0040f0c8        0x4 c:/mingw/bin/../lib/gcc/mingw32/4.8.1/../../../libkernel32.a(dchds00860.o)
 .idata$4       0x0040f0cc        0x4 c:/mingw/bin/../lib/gcc/mingw32/4.8.1/../../../libkernel32.a(dchds01140.o)
 .idata$4       0x0040f0d0        0x4 c:/mingw/bin/../lib/gcc/mingw32/4.8.1/../../../libkernel32.a(dchds01152.o)
 .idata$4       0x0040f0d4        0x4 c:/mingw/bin/../lib/gcc/mingw32/4.8.1/../../../libkernel32.a(dchds01173.o)
 .idata$4       0x0040f0d8        0x4 c:/mingw/bin/../lib/gcc/mingw32/4.8.1/../../../libkernel32.a(dchds01213.o)
 .idata$4       0x0040f0dc        0x4 c:/mingw/bin/../lib/gcc/mingw32/4.8.1/../../../libkernel32.a(dchds01215.o)
 .idata$4       0x0040f0e0        0x4 c:/mingw/bin/../lib/gcc/mingw32/4.8.1/../../../libkernel32.a(dchds01247.o)
 .idata$4       0x0040f0e4        0x4 c:/mingw/bin/../lib/gcc/mingw32/4.8.1/../../../libkernel32.a(dchdt.o)
 .idata$4       0x0040f0e8        0x0 c:/mingw/bin/../lib/gcc/mingw32/4.8.1/../../../libmoldname.a(dhsvbh.o)
 .idata$4       0x0040f0e8        0x4 c:/mingw/bin/../lib/gcc/mingw32/4.8.1/../../../libmoldname.a(dhsvbs00006.o)
 .idata$4       0x0040f0ec        0x4 c:/mingw/bin/../lib/gcc/mingw32/4.8.1/../../../libmoldname.a(dhsvbs00080.o)
 .idata$4       0x0040f0f0        0x4 c:/mingw/bin/../lib/gcc/mingw32/4.8.1/../../../libmoldname.a(dhsvbs00082.o)
 .idata$4       0x0040f0f4        0x4 c:/mingw/bin/../lib/gcc/mingw32/4.8.1/../../../libmoldname.a(dhsvbt.o)
 .idata$4       0x0040f0f8        0x0 c:/mingw/bin/../lib/gcc/mingw32/4.8.1/../../../libmsvcrt.a(dupvh.o)
 .idata$4       0x0040f0f8        0x4 c:/mingw/bin/../lib/gcc/mingw32/4.8.1/../../../libmsvcrt.a(dupvs00055.o)
 .idata$4       0x0040f0fc        0x4 c:/mingw/bin/../lib/gcc/mingw32/4.8.1/../../../libmsvcrt.a(dupvs00065.o)
 .idata$4       0x0040f100        0x4 c:/mingw/bin/../lib/gcc/mingw32/4.8.1/../../../libmsvcrt.a(dupvs00077.o)
 .idata$4       0x0040f104        0x4 c:/mingw/bin/../lib/gcc/mingw32/4.8.1/../../../libmsvcrt.a(dupvs00079.o)
 .idata$4       0x0040f108        0x4 c:/mingw/bin/../lib/gcc/mingw32/4.8.1/../../../libmsvcrt.a(dupvs00099.o)
 .idata$4       0x0040f10c        0x4 c:/mingw/bin/../lib/gcc/mingw32/4.8.1/../../../libmsvcrt.a(dupvs00147.o)
 .idata$4       0x0040f110        0x4 c:/mingw/bin/../lib/gcc/mingw32/4.8.1/../../../libmsvcrt.a(dupvs00182.o)
 .idata$4       0x0040f114        0x4 c:/mingw/bin/../lib/gcc/mingw32/4.8.1/../../../libmsvcrt.a(dupvs00228.o)
 .idata$4       0x0040f118        0x4 c:/mingw/bin/../lib/gcc/mingw32/4.8.1/../../../libmsvcrt.a(dupvs00266.o)
 .idata$4       0x0040f11c        0x4 c:/mingw/bin/../lib/gcc/mingw32/4.8.1/../../../libmsvcrt.a(dupvs00383.o)
 .idata$4       0x0040f120        0x4 c:/mingw/bin/../lib/gcc/mingw32/4.8.1/../../../libmsvcrt.a(dupvs00426.o)
 .idata$4       0x0040f124        0x4 c:/mingw/bin/../lib/gcc/mingw32/4.8.1/../../../libmsvcrt.a(dupvs00583.o)
 .idata$4       0x0040f128        0x4 c:/mingw/bin/../lib/gcc/mingw32/4.8.1/../../../libmsvcrt.a(dupvs00590.o)
 .idata$4       0x0040f12c        0x4 c:/mingw/bin/../lib/gcc/mingw32/4.8.1/../../../libmsvcrt.a(dupvs00592.o)
 .idata$4       0x0040f130        0x4 c:/mingw/bin/../lib/gcc/mingw32/4.8.1/../../../libmsvcrt.a(dupvs00595.o)
 .idata$4       0x0040f134        0x4 c:/mingw/bin/../lib/gcc/mingw32/4.8.1/../../../libmsvcrt.a(dupvs00620.o)
 .idata$4       0x0040f138        0x4 c:/mingw/bin/../lib/gcc/mingw32/4.8.1/../../../libmsvcrt.a(dupvs00625.o)
 .idata$4       0x0040f13c        0x4 c:/mingw/bin/../lib/gcc/mingw32/4.8.1/../../../libmsvcrt.a(dupvs00633.o)
 .idata$4       0x0040f140        0x4 c:/mingw/bin/../lib/gcc/mingw32/4.8.1/../../../libmsvcrt.a(dupvs00637.o)
 .idata$4       0x0040f144        0x4 c:/mingw/bin/../lib/gcc/mingw32/4.8.1/../../../libmsvcrt.a(dupvs00652.o)
 .idata$4       0x0040f148        0x4 c:/mingw/bin/../lib/gcc/mingw32/4.8.1/../../../libmsvcrt.a(dupvs00671.o)
 .idata$4       0x0040f14c        0x4 c:/mingw/bin/../lib/gcc/mingw32/4.8.1/../../../libmsvcrt.a(dupvs00676.o)
 .idata$4       0x0040f150        0x4 c:/mingw/bin/../lib/gcc/mingw32/4.8.1/../../../libmsvcrt.a(dupvs00678.o)
 .idata$4       0x0040f154        0x4 c:/mingw/bin/../lib/gcc/mingw32/4.8.1/../../../libmsvcrt.a(dupvs00682.o)
 .idata$4       0x0040f158        0x4 c:/mingw/bin/../lib/gcc/mingw32/4.8.1/../../../libmsvcrt.a(dupvs00684.o)
 .idata$4       0x0040f15c        0x4 c:/mingw/bin/../lib/gcc/mingw32/4.8.1/../../../libmsvcrt.a(dupvs00687.o)
 .idata$4       0x0040f160        0x4 c:/mingw/bin/../lib/gcc/mingw32/4.8.1/../../../libmsvcrt.a(dupvs00689.o)
 .idata$4       0x0040f164        0x4 c:/mingw/bin/../lib/gcc/mingw32/4.8.1/../../../libmsvcrt.a(dupvs00692.o)
 .idata$4       0x0040f168        0x4 c:/mingw/bin/../lib/gcc/mingw32/4.8.1/../../../libmsvcrt.a(dupvs00698.o)
 .idata$4       0x0040f16c        0x4 c:/mingw/bin/../lib/gcc/mingw32/4.8.1/../../../libmsvcrt.a(dupvs00704.o)
 .idata$4       0x0040f170        0x4 c:/mingw/bin/../lib/gcc/mingw32/4.8.1/../../../libmsvcrt.a(dupvs00706.o)
 .idata$4       0x0040f174        0x4 c:/mingw/bin/../lib/gcc/mingw32/4.8.1/../../../libmsvcrt.a(dupvs00714.o)
 .idata$4       0x0040f178        0x4 c:/mingw/bin/../lib/gcc/mingw32/4.8.1/../../../libmsvcrt.a(dupvs00716.o)
 .idata$4       0x0040f17c        0x4 c:/mingw/bin/../lib/gcc/mingw32/4.8.1/../../../libmsvcrt.a(dupvs00721.o)
 .idata$4       0x0040f180        0x4 c:/mingw/bin/../lib/gcc/mingw32/4.8.1/../../../libmsvcrt.a(dupvs00742.o)
 .idata$4       0x0040f184        0x4 c:/mingw/bin/../lib/gcc/mingw32/4.8.1/../../../libmsvcrt.a(dupvs00748.o)
 .idata$4       0x0040f188        0x4 c:/mingw/bin/../lib/gcc/mingw32/4.8.1/../../../libmsvcrt.a(dupvs00750.o)
 .idata$4       0x0040f18c        0x4 c:/mingw/bin/../lib/gcc/mingw32/4.8.1/../../../libmsvcrt.a(dupvs00761.o)
 .idata$4       0x0040f190        0x4 c:/mingw/bin/../lib/gcc/mingw32/4.8.1/../../../libmsvcrt.a(dupvs00772.o)
 .idata$4       0x0040f194        0x4 c:/mingw/bin/../lib/gcc/mingw32/4.8.1/../../../libmsvcrt.a(dupvt.o)
 .idata$4       0x0040f198        0x0 c:/mingw/bin/../lib/gcc/mingw32/4.8.1/../../../libws2_32.a(dwfih.o)
 .idata$4       0x0040f198        0x4 c:/mingw/bin/../lib/gcc/mingw32/4.8.1/../../../libws2_32.a(dwfis00043.o)
 .idata$4       0x0040f19c        0x4 c:/mingw/bin/../lib/gcc/mingw32/4.8.1/../../../libws2_32.a(dwfis00084.o)
 .idata$4       0x0040f1a0        0x4 c:/mingw/bin/../lib/gcc/mingw32/4.8.1/../../../libws2_32.a(dwfis00135.o)
 .idata$4       0x0040f1a4        0x4 c:/mingw/bin/../lib/gcc/mingw32/4.8.1/../../../libws2_32.a(dwfis00139.o)
 .idata$4       0x0040f1a8        0x4 c:/mingw/bin/../lib/gcc/mingw32/4.8.1/../../../libws2_32.a(dwfis00150.o)
 .idata$4       0x0040f1ac        0x4 c:/mingw/bin/../lib/gcc/mingw32/4.8.1/../../../libws2_32.a(dwfis00155.o)
 .idata$4       0x0040f1b0        0x4 c:/mingw/bin/../lib/gcc/mingw32/4.8.1/../../../libws2_32.a(dwfis00159.o)
 .idata$4       0x0040f1b4        0x4 c:/mingw/bin/../lib/gcc/mingw32/4.8.1/../../../libws2_32.a(dwfis00162.o)
 .idata$4       0x0040f1b8        0x4 c:/mingw/bin/../lib/gcc/mingw32/4.8.1/../../../libws2_32.a(dwfis00164.o)
 .idata$4       0x0040f1bc        0x4 c:/mingw/bin/../lib/gcc/mingw32/4.8.1/../../../libws2_32.a(dwfis00166.o)
 .idata$4       0x0040f1c0        0x4 c:/mingw/bin/../lib/gcc/mingw32/4.8.1/../../../libws2_32.a(dwfit.o)
 .idata$4       0x0040f1c4        0x0 c:/mingw/bin/../lib/gcc/mingw32/4.8.1/libgcc_s.a(d000000.o)
 .idata$4       0x0040f1c4        0x4 c:/mingw/bin/../lib/gcc/mingw32/4.8.1/libgcc_s.a(d000015.o)
 .idata$4       0x0040f1c8        0x4 c:/mingw/bin/../lib/gcc/mingw32/4.8.1/libgcc_s.a(d000037.o)
 .idata$4       0x0040f1cc        0x4 c:/mingw/bin/../lib/gcc/mingw32/4.8.1/libgcc_s.a(d000106.o)
 .idata$4       0x0040f1d0        0x4 c:/mingw/bin/../lib/gcc/mingw32/4.8.1/libgcc_s.a(d000118.o)
 .idata$4       0x0040f1d4        0x4 c:/mingw/bin/../lib/gcc/mingw32/4.8.1/libgcc_s.a(d000120.o)
 .idata$4       0x0040f1d8        0x4 c:/mingw/bin/../lib/gcc/mingw32/4.8.1/libgcc_s.a(d000122.o)
 .idata$4       0x0040f1dc        0x0 c:/mingw/bin/../lib/gcc/mingw32/4.8.1/libstdc++.dll.a(d000000.o)
 .idata$4       0x0040f1dc        0x4 c:/mingw/bin/../lib/gcc/mingw32/4.8.1/libstdc++.dll.a(d003536.o)
 .idata$4       0x0040f1e0        0x4 c:/mingw/bin/../lib/gcc/mingw32/4.8.1/libstdc++.dll.a(d003539.o)
                0x0040f1e4                __IAT_start__ = .
 SORT(*)(.idata$5)
 .idata$5       0x0040f1e4        0x0 c:/mingw/bin/../lib/gcc/mingw32/4.8.1/../../../libkernel32.a(dchdh.o)
 .idata$5       0x0040f1e4        0x4 c:/mingw/bin/../lib/gcc/mingw32/4.8.1/../../../libkernel32.a(dchds00207.o)
                0x0040f1e4                _imp__DeleteCriticalSection@4
 .idata$5       0x0040f1e8        0x4 c:/mingw/bin/../lib/gcc/mingw32/4.8.1/../../../libkernel32.a(dchds00236.o)
                0x0040f1e8                _imp__EnterCriticalSection@4
 .idata$5       0x0040f1ec        0x4 c:/mingw/bin/../lib/gcc/mingw32/4.8.1/../../../libkernel32.a(dchds00279.o)
                0x0040f1ec                _imp__ExitProcess@4
 .idata$5       0x0040f1f0        0x4 c:/mingw/bin/../lib/gcc/mingw32/4.8.1/../../../libkernel32.a(dchds00300.o)
                0x0040f1f0                _imp__FindClose@4
 .idata$5       0x0040f1f4        0x4 c:/mingw/bin/../lib/gcc/mingw32/4.8.1/../../../libkernel32.a(dchds00304.o)
                0x0040f1f4                _imp__FindFirstFileA@8
 .idata$5       0x0040f1f8        0x4 c:/mingw/bin/../lib/gcc/mingw32/4.8.1/../../../libkernel32.a(dchds00321.o)
                0x0040f1f8                _imp__FindNextFileA@8
 .idata$5       0x0040f1fc        0x4 c:/mingw/bin/../lib/gcc/mingw32/4.8.1/../../../libkernel32.a(dchds00388.o)
                0x0040f1fc                _imp__GetCommandLineA@0
 .idata$5       0x0040f200        0x4 c:/mingw/bin/../lib/gcc/mingw32/4.8.1/../../../libkernel32.a(dchds00510.o)
                0x0040f200                _imp__GetLastError@0
 .idata$5       0x0040f204        0x4 c:/mingw/bin/../lib/gcc/mingw32/4.8.1/../../../libkernel32.a(dchds00529.o)
                0x0040f204                _imp__GetModuleHandleA@4
 .idata$5       0x0040f208        0x4 c:/mingw/bin/../lib/gcc/mingw32/4.8.1/../../../libkernel32.a(dchds00577.o)
                0x0040f208                _imp__GetProcAddress@8
 .idata$5       0x0040f20c        0x4 c:/mingw/bin/../lib/gcc/mingw32/4.8.1/../../../libkernel32.a(dchds00629.o)
                0x0040f20c                _imp__GetSystemTimeAsFileTime@4
 .idata$5       0x0040f210        0x4 c:/mingw/bin/../lib/gcc/mingw32/4.8.1/../../../libkernel32.a(dchds00734.o)
                0x0040f210                _imp__InitializeCriticalSection@4
 .idata$5       0x0040f214        0x4 c:/mingw/bin/../lib/gcc/mingw32/4.8.1/../../../libkernel32.a(dchds00744.o)
                0x0040f214                _imp__InterlockedExchange@8
 .idata$5       0x0040f218        0x4 c:/mingw/bin/../lib/gcc/mingw32/4.8.1/../../../libkernel32.a(dchds00763.o)
                0x0040f218                _imp__IsDBCSLeadByteEx@8
 .idata$5       0x0040f21c        0x4 c:/mingw/bin/../lib/gcc/mingw32/4.8.1/../../../libkernel32.a(dchds00814.o)
                0x0040f21c                _imp__LeaveCriticalSection@4
 .idata$5       0x0040f220        0x4 c:/mingw/bin/../lib/gcc/mingw32/4.8.1/../../../libkernel32.a(dchds00860.o)
                0x0040f220                _imp__MultiByteToWideChar@24
 .idata$5       0x0040f224        0x4 c:/mingw/bin/../lib/gcc/mingw32/4.8.1/../../../libkernel32.a(dchds01140.o)
                0x0040f224                _imp__SetUnhandledExceptionFilter@4
 .idata$5       0x0040f228        0x4 c:/mingw/bin/../lib/gcc/mingw32/4.8.1/../../../libkernel32.a(dchds01152.o)
                0x0040f228                _imp__Sleep@4
 .idata$5       0x0040f22c        0x4 c:/mingw/bin/../lib/gcc/mingw32/4.8.1/../../../libkernel32.a(dchds01173.o)
                0x0040f22c                _imp__TlsGetValue@4
 .idata$5       0x0040f230        0x4 c:/mingw/bin/../lib/gcc/mingw32/4.8.1/../../../libkernel32.a(dchds01213.o)
                0x0040f230                _imp__VirtualProtect@16
 .idata$5       0x0040f234        0x4 c:/mingw/bin/../lib/gcc/mingw32/4.8.1/../../../libkernel32.a(dchds01215.o)
                0x0040f234                _imp__VirtualQuery@12
 .idata$5       0x0040f238        0x4 c:/mingw/bin/../lib/gcc/mingw32/4.8.1/../../../libkernel32.a(dchds01247.o)
                0x0040f238                _imp__WideCharToMultiByte@32
 .idata$5       0x0040f23c        0x4 c:/mingw/bin/../lib/gcc/mingw32/4.8.1/../../../libkernel32.a(dchdt.o)
 .idata$5       0x0040f240        0x0 c:/mingw/bin/../lib/gcc/mingw32/4.8.1/../../../libmoldname.a(dhsvbh.o)
 .idata$5       0x0040f240        0x4 c:/mingw/bin/../lib/gcc/mingw32/4.8.1/../../../libmoldname.a(dhsvbs00006.o)
                0x0040f240                _imp__close
 .idata$5       0x0040f244        0x4 c:/mingw/bin/../lib/gcc/mingw32/4.8.1/../../../libmoldname.a(dhsvbs00080.o)
                0x0040f244                _imp__strdup
 .idata$5       0x0040f248        0x4 c:/mingw/bin/../lib/gcc/mingw32/4.8.1/../../../libmoldname.a(dhsvbs00082.o)
                0x0040f248                _imp__stricoll
 .idata$5       0x0040f24c        0x4 c:/mingw/bin/../lib/gcc/mingw32/4.8.1/../../../libmoldname.a(dhsvbt.o)
 .idata$5       0x0040f250        0x0 c:/mingw/bin/../lib/gcc/mingw32/4.8.1/../../../libmsvcrt.a(dupvh.o)
 .idata$5       0x0040f250        0x4 c:/mingw/bin/../lib/gcc/mingw32/4.8.1/../../../libmsvcrt.a(dupvs00055.o)
                0x0040f250                _imp____getmainargs
 .idata$5       0x0040f254        0x4 c:/mingw/bin/../lib/gcc/mingw32/4.8.1/../../../libmsvcrt.a(dupvs00065.o)
                0x0040f254                _imp____mb_cur_max
 .idata$5       0x0040f258        0x4 c:/mingw/bin/../lib/gcc/mingw32/4.8.1/../../../libmsvcrt.a(dupvs00077.o)
                0x0040f258                _imp____p__environ
 .idata$5       0x0040f25c        0x4 c:/mingw/bin/../lib/gcc/mingw32/4.8.1/../../../libmsvcrt.a(dupvs00079.o)
                0x0040f25c                _imp____p__fmode
 .idata$5       0x0040f260        0x4 c:/mingw/bin/../lib/gcc/mingw32/4.8.1/../../../libmsvcrt.a(dupvs00099.o)
                0x0040f260                _imp____set_app_type
 .idata$5       0x0040f264        0x4 c:/mingw/bin/../lib/gcc/mingw32/4.8.1/../../../libmsvcrt.a(dupvs00147.o)
                0x0040f264                _imp___cexit
 .idata$5       0x0040f268        0x4 c:/mingw/bin/../lib/gcc/mingw32/4.8.1/../../../libmsvcrt.a(dupvs00182.o)
                0x0040f268                _imp___errno
 .idata$5       0x0040f26c        0x4 c:/mingw/bin/../lib/gcc/mingw32/4.8.1/../../../libmsvcrt.a(dupvs00228.o)
                0x0040f26c                _imp___fullpath
 .idata$5       0x0040f270        0x4 c:/mingw/bin/../lib/gcc/mingw32/4.8.1/../../../libmsvcrt.a(dupvs00266.o)
                0x0040f270                _imp___iob
 .idata$5       0x0040f274        0x4 c:/mingw/bin/../lib/gcc/mingw32/4.8.1/../../../libmsvcrt.a(dupvs00383.o)
                0x0040f274                _imp___onexit
 .idata$5       0x0040f278        0x4 c:/mingw/bin/../lib/gcc/mingw32/4.8.1/../../../libmsvcrt.a(dupvs00426.o)
                0x0040f278                _imp___setmode
 .idata$5       0x0040f27c        0x4 c:/mingw/bin/../lib/gcc/mingw32/4.8.1/../../../libmsvcrt.a(dupvs00583.o)
                0x0040f27c                _imp__abort
 .idata$5       0x0040f280        0x4 c:/mingw/bin/../lib/gcc/mingw32/4.8.1/../../../libmsvcrt.a(dupvs00590.o)
                0x0040f280                _imp__atexit
 .idata$5       0x0040f284        0x4 c:/mingw/bin/../lib/gcc/mingw32/4.8.1/../../../libmsvcrt.a(dupvs00592.o)
                0x0040f284                _imp__atoi
 .idata$5       0x0040f288        0x4 c:/mingw/bin/../lib/gcc/mingw32/4.8.1/../../../libmsvcrt.a(dupvs00595.o)
                0x0040f288                _imp__calloc
 .idata$5       0x0040f28c        0x4 c:/mingw/bin/../lib/gcc/mingw32/4.8.1/../../../libmsvcrt.a(dupvs00620.o)
                0x0040f28c                _imp__fputc
 .idata$5       0x0040f290        0x4 c:/mingw/bin/../lib/gcc/mingw32/4.8.1/../../../libmsvcrt.a(dupvs00625.o)
                0x0040f290                _imp__free
 .idata$5       0x0040f294        0x4 c:/mingw/bin/../lib/gcc/mingw32/4.8.1/../../../libmsvcrt.a(dupvs00633.o)
                0x0040f294                _imp__fwrite
 .idata$5       0x0040f298        0x4 c:/mingw/bin/../lib/gcc/mingw32/4.8.1/../../../libmsvcrt.a(dupvs00637.o)
                0x0040f298                _imp__getenv
 .idata$5       0x0040f29c        0x4 c:/mingw/bin/../lib/gcc/mingw32/4.8.1/../../../libmsvcrt.a(dupvs00652.o)
                0x0040f29c                _imp__isspace
 .idata$5       0x0040f2a0        0x4 c:/mingw/bin/../lib/gcc/mingw32/4.8.1/../../../libmsvcrt.a(dupvs00671.o)
                0x0040f2a0                _imp__localeconv
 .idata$5       0x0040f2a4        0x4 c:/mingw/bin/../lib/gcc/mingw32/4.8.1/../../../libmsvcrt.a(dupvs00676.o)
                0x0040f2a4                _imp__malloc
 .idata$5       0x0040f2a8        0x4 c:/mingw/bin/../lib/gcc/mingw32/4.8.1/../../../libmsvcrt.a(dupvs00678.o)
                0x0040f2a8                _imp__mbstowcs
 .idata$5       0x0040f2ac        0x4 c:/mingw/bin/../lib/gcc/mingw32/4.8.1/../../../libmsvcrt.a(dupvs00682.o)
                0x0040f2ac                _imp__memcpy
 .idata$5       0x0040f2b0        0x4 c:/mingw/bin/../lib/gcc/mingw32/4.8.1/../../../libmsvcrt.a(dupvs00684.o)
                0x0040f2b0                _imp__memset
 .idata$5       0x0040f2b4        0x4 c:/mingw/bin/../lib/gcc/mingw32/4.8.1/../../../libmsvcrt.a(dupvs00687.o)
                0x0040f2b4                _imp__perror
 .idata$5       0x0040f2b8        0x4 c:/mingw/bin/../lib/gcc/mingw32/4.8.1/../../../libmsvcrt.a(dupvs00689.o)
                0x0040f2b8                _imp__printf
 .idata$5       0x0040f2bc        0x4 c:/mingw/bin/../lib/gcc/mingw32/4.8.1/../../../libmsvcrt.a(dupvs00692.o)
                0x0040f2bc                _imp__puts
 .idata$5       0x0040f2c0        0x4 c:/mingw/bin/../lib/gcc/mingw32/4.8.1/../../../libmsvcrt.a(dupvs00698.o)
                0x0040f2c0                _imp__realloc
 .idata$5       0x0040f2c4        0x4 c:/mingw/bin/../lib/gcc/mingw32/4.8.1/../../../libmsvcrt.a(dupvs00704.o)
                0x0040f2c4                _imp__setlocale
 .idata$5       0x0040f2c8        0x4 c:/mingw/bin/../lib/gcc/mingw32/4.8.1/../../../libmsvcrt.a(dupvs00706.o)
                0x0040f2c8                _imp__signal
 .idata$5       0x0040f2cc        0x4 c:/mingw/bin/../lib/gcc/mingw32/4.8.1/../../../libmsvcrt.a(dupvs00714.o)
                0x0040f2cc                _imp__strchr
 .idata$5       0x0040f2d0        0x4 c:/mingw/bin/../lib/gcc/mingw32/4.8.1/../../../libmsvcrt.a(dupvs00716.o)
                0x0040f2d0                _imp__strcoll
 .idata$5       0x0040f2d4        0x4 c:/mingw/bin/../lib/gcc/mingw32/4.8.1/../../../libmsvcrt.a(dupvs00721.o)
                0x0040f2d4                _imp__strlen
 .idata$5       0x0040f2d8        0x4 c:/mingw/bin/../lib/gcc/mingw32/4.8.1/../../../libmsvcrt.a(dupvs00742.o)
                0x0040f2d8                _imp__tolower
 .idata$5       0x0040f2dc        0x4 c:/mingw/bin/../lib/gcc/mingw32/4.8.1/../../../libmsvcrt.a(dupvs00748.o)
                0x0040f2dc                _imp__vfprintf
 .idata$5       0x0040f2e0        0x4 c:/mingw/bin/../lib/gcc/mingw32/4.8.1/../../../libmsvcrt.a(dupvs00750.o)
                0x0040f2e0                _imp__vprintf
 .idata$5       0x0040f2e4        0x4 c:/mingw/bin/../lib/gcc/mingw32/4.8.1/../../../libmsvcrt.a(dupvs00761.o)
                0x0040f2e4                _imp__wcslen
 .idata$5       0x0040f2e8        0x4 c:/mingw/bin/../lib/gcc/mingw32/4.8.1/../../../libmsvcrt.a(dupvs00772.o)
                0x0040f2e8                _imp__wcstombs
 .idata$5       0x0040f2ec        0x4 c:/mingw/bin/../lib/gcc/mingw32/4.8.1/../../../libmsvcrt.a(dupvt.o)
 .idata$5       0x0040f2f0        0x0 c:/mingw/bin/../lib/gcc/mingw32/4.8.1/../../../libws2_32.a(dwfih.o)
 .idata$5       0x0040f2f0        0x4 c:/mingw/bin/../lib/gcc/mingw32/4.8.1/../../../libws2_32.a(dwfis00043.o)
                0x0040f2f0                _imp__WSAGetLastError@0
 .idata$5       0x0040f2f4        0x4 c:/mingw/bin/../lib/gcc/mingw32/4.8.1/../../../libws2_32.a(dwfis00084.o)
                0x0040f2f4                _imp__WSAStartup@8
 .idata$5       0x0040f2f8        0x4 c:/mingw/bin/../lib/gcc/mingw32/4.8.1/../../../libws2_32.a(dwfis00135.o)
                0x0040f2f8                _imp__connect@12
 .idata$5       0x0040f2fc        0x4 c:/mingw/bin/../lib/gcc/mingw32/4.8.1/../../../libws2_32.a(dwfis00139.o)
                0x0040f2fc                _imp__gethostbyname@4
 .idata$5       0x0040f300        0x4 c:/mingw/bin/../lib/gcc/mingw32/4.8.1/../../../libws2_32.a(dwfis00150.o)
                0x0040f300                _imp__htons@4
 .idata$5       0x0040f304        0x4 c:/mingw/bin/../lib/gcc/mingw32/4.8.1/../../../libws2_32.a(dwfis00155.o)
                0x0040f304                _imp__ioctlsocket@12
 .idata$5       0x0040f308        0x4 c:/mingw/bin/../lib/gcc/mingw32/4.8.1/../../../libws2_32.a(dwfis00159.o)
                0x0040f308                _imp__recv@16
 .idata$5       0x0040f30c        0x4 c:/mingw/bin/../lib/gcc/mingw32/4.8.1/../../../libws2_32.a(dwfis00162.o)
                0x0040f30c                _imp__send@16
 .idata$5       0x0040f310        0x4 c:/mingw/bin/../lib/gcc/mingw32/4.8.1/../../../libws2_32.a(dwfis00164.o)
                0x0040f310                _imp__setsockopt@20
 .idata$5       0x0040f314        0x4 c:/mingw/bin/../lib/gcc/mingw32/4.8.1/../../../libws2_32.a(dwfis00166.o)
                0x0040f314                _imp__socket@12
 .idata$5       0x0040f318        0x4 c:/mingw/bin/../lib/gcc/mingw32/4.8.1/../../../libws2_32.a(dwfit.o)
 .idata$5       0x0040f31c        0x0 c:/mingw/bin/../lib/gcc/mingw32/4.8.1/libgcc_s.a(d000000.o)
 .idata$5       0x0040f31c        0x4 c:/mingw/bin/../lib/gcc/mingw32/4.8.1/libgcc_s.a(d000015.o)
                0x0040f31c                _imp___Unwind_Resume
 .idata$5       0x0040f320        0x4 c:/mingw/bin/../lib/gcc/mingw32/4.8.1/libgcc_s.a(d000037.o)
                0x0040f320                _imp____deregister_frame_info
 .idata$5       0x0040f324        0x4 c:/mingw/bin/../lib/gcc/mingw32/4.8.1/libgcc_s.a(d000106.o)
                0x0040f324                _imp____register_frame_info
 .idata$5       0x0040f328        0x4 c:/mingw/bin/../lib/gcc/mingw32/4.8.1/libgcc_s.a(d000118.o)
                0x0040f328                _imp____udivdi3
 .idata$5       0x0040f32c        0x4 c:/mingw/bin/../lib/gcc/mingw32/4.8.1/libgcc_s.a(d000120.o)
                0x0040f32c                _imp____umoddi3
 .idata$5       0x0040f330        0x4 c:/mingw/bin/../lib/gcc/mingw32/4.8.1/libgcc_s.a(d000122.o)
 .idata$5       0x0040f334        0x0 c:/mingw/bin/../lib/gcc/mingw32/4.8.1/libstdc++.dll.a(d000000.o)
 .idata$5       0x0040f334        0x4 c:/mingw/bin/../lib/gcc/mingw32/4.8.1/libstdc++.dll.a(d003536.o)
                0x0040f334                _imp____gxx_personality_v0
 .idata$5       0x0040f338        0x4 c:/mingw/bin/../lib/gcc/mingw32/4.8.1/libstdc++.dll.a(d003539.o)
                0x0040f33c                __IAT_end__ = .
 SORT(*)(.idata$6)
 .idata$6       0x0040f33c       0x18 c:/mingw/bin/../lib/gcc/mingw32/4.8.1/../../../libkernel32.a(dchds00207.o)
 .idata$6       0x0040f354       0x18 c:/mingw/bin/../lib/gcc/mingw32/4.8.1/../../../libkernel32.a(dchds00236.o)
 .idata$6       0x0040f36c        0xe c:/mingw/bin/../lib/gcc/mingw32/4.8.1/../../../libkernel32.a(dchds00279.o)
 .idata$6       0x0040f37a        0xc c:/mingw/bin/../lib/gcc/mingw32/4.8.1/../../../libkernel32.a(dchds00300.o)
 .idata$6       0x0040f386       0x12 c:/mingw/bin/../lib/gcc/mingw32/4.8.1/../../../libkernel32.a(dchds00304.o)
 .idata$6       0x0040f398       0x10 c:/mingw/bin/../lib/gcc/mingw32/4.8.1/../../../libkernel32.a(dchds00321.o)
 .idata$6       0x0040f3a8       0x12 c:/mingw/bin/../lib/gcc/mingw32/4.8.1/../../../libkernel32.a(dchds00388.o)
 .idata$6       0x0040f3ba       0x10 c:/mingw/bin/../lib/gcc/mingw32/4.8.1/../../../libkernel32.a(dchds00510.o)
 .idata$6       0x0040f3ca       0x14 c:/mingw/bin/../lib/gcc/mingw32/4.8.1/../../../libkernel32.a(dchds00529.o)
 .idata$6       0x0040f3de       0x12 c:/mingw/bin/../lib/gcc/mingw32/4.8.1/../../../libkernel32.a(dchds00577.o)
 .idata$6       0x0040f3f0       0x1a c:/mingw/bin/../lib/gcc/mingw32/4.8.1/../../../libkernel32.a(dchds00629.o)
 .idata$6       0x0040f40a       0x1c c:/mingw/bin/../lib/gcc/mingw32/4.8.1/../../../libkernel32.a(dchds00734.o)
 .idata$6       0x0040f426       0x16 c:/mingw/bin/../lib/gcc/mingw32/4.8.1/../../../libkernel32.a(dchds00744.o)
 .idata$6       0x0040f43c       0x14 c:/mingw/bin/../lib/gcc/mingw32/4.8.1/../../../libkernel32.a(dchds00763.o)
 .idata$6       0x0040f450       0x18 c:/mingw/bin/../lib/gcc/mingw32/4.8.1/../../../libkernel32.a(dchds00814.o)
 .idata$6       0x0040f468       0x16 c:/mingw/bin/../lib/gcc/mingw32/4.8.1/../../../libkernel32.a(dchds00860.o)
 .idata$6       0x0040f47e       0x1e c:/mingw/bin/../lib/gcc/mingw32/4.8.1/../../../libkernel32.a(dchds01140.o)
 .idata$6       0x0040f49c        0x8 c:/mingw/bin/../lib/gcc/mingw32/4.8.1/../../../libkernel32.a(dchds01152.o)
 .idata$6       0x0040f4a4        0xe c:/mingw/bin/../lib/gcc/mingw32/4.8.1/../../../libkernel32.a(dchds01173.o)
 .idata$6       0x0040f4b2       0x12 c:/mingw/bin/../lib/gcc/mingw32/4.8.1/../../../libkernel32.a(dchds01213.o)
 .idata$6       0x0040f4c4       0x10 c:/mingw/bin/../lib/gcc/mingw32/4.8.1/../../../libkernel32.a(dchds01215.o)
 .idata$6       0x0040f4d4       0x16 c:/mingw/bin/../lib/gcc/mingw32/4.8.1/../../../libkernel32.a(dchds01247.o)
 .idata$6       0x0040f4ea        0xa c:/mingw/bin/../lib/gcc/mingw32/4.8.1/../../../libmoldname.a(dhsvbs00006.o)
 .idata$6       0x0040f4f4        0xa c:/mingw/bin/../lib/gcc/mingw32/4.8.1/../../../libmoldname.a(dhsvbs00080.o)
 .idata$6       0x0040f4fe        0xc c:/mingw/bin/../lib/gcc/mingw32/4.8.1/../../../libmoldname.a(dhsvbs00082.o)
 .idata$6       0x0040f50a       0x10 c:/mingw/bin/../lib/gcc/mingw32/4.8.1/../../../libmsvcrt.a(dupvs00055.o)
 .idata$6       0x0040f51a       0x10 c:/mingw/bin/../lib/gcc/mingw32/4.8.1/../../../libmsvcrt.a(dupvs00065.o)
 .idata$6       0x0040f52a       0x10 c:/mingw/bin/../lib/gcc/mingw32/4.8.1/../../../libmsvcrt.a(dupvs00077.o)
 .idata$6       0x0040f53a        0xe c:/mingw/bin/../lib/gcc/mingw32/4.8.1/../../../libmsvcrt.a(dupvs00079.o)
 .idata$6       0x0040f548       0x12 c:/mingw/bin/../lib/gcc/mingw32/4.8.1/../../../libmsvcrt.a(dupvs00099.o)
 .idata$6       0x0040f55a        0xa c:/mingw/bin/../lib/gcc/mingw32/4.8.1/../../../libmsvcrt.a(dupvs00147.o)
 .idata$6       0x0040f564        0xa c:/mingw/bin/../lib/gcc/mingw32/4.8.1/../../../libmsvcrt.a(dupvs00182.o)
 .idata$6       0x0040f56e        0xc c:/mingw/bin/../lib/gcc/mingw32/4.8.1/../../../libmsvcrt.a(dupvs00228.o)
 .idata$6       0x0040f57a        0x8 c:/mingw/bin/../lib/gcc/mingw32/4.8.1/../../../libmsvcrt.a(dupvs00266.o)
 .idata$6       0x0040f582        0xa c:/mingw/bin/../lib/gcc/mingw32/4.8.1/../../../libmsvcrt.a(dupvs00383.o)
 .idata$6       0x0040f58c        0xc c:/mingw/bin/../lib/gcc/mingw32/4.8.1/../../../libmsvcrt.a(dupvs00426.o)
 .idata$6       0x0040f598        0x8 c:/mingw/bin/../lib/gcc/mingw32/4.8.1/../../../libmsvcrt.a(dupvs00583.o)
 .idata$6       0x0040f5a0        0xa c:/mingw/bin/../lib/gcc/mingw32/4.8.1/../../../libmsvcrt.a(dupvs00590.o)